Component: ARM Compiler 5.06 update 7 (build 960) Tool: armlink [4d3601]

==============================================================================

Section Cross References

    startup_stm32f407xx.o(STACK) refers (Special) to heapauxi.o(.text) for __use_two_region_memory
    startup_stm32f407xx.o(HEAP) refers (Special) to heapauxi.o(.text) for __use_two_region_memory
    startup_stm32f407xx.o(RESET) refers (Special) to heapauxi.o(.text) for __use_two_region_memory
    startup_stm32f407xx.o(RESET) refers to startup_stm32f407xx.o(STACK) for __initial_sp
    startup_stm32f407xx.o(RESET) refers to startup_stm32f407xx.o(.text) for Reset_Handler
    startup_stm32f407xx.o(RESET) refers to stm32f4xx_it.o(i.NMI_Handler) for NMI_Handler
    startup_stm32f407xx.o(RESET) refers to stm32f4xx_it.o(i.HardFault_Handler) for HardFault_Handler
    startup_stm32f407xx.o(RESET) refers to stm32f4xx_it.o(i.MemManage_Handler) for MemManage_Handler
    startup_stm32f407xx.o(RESET) refers to stm32f4xx_it.o(i.BusFault_Handler) for BusFault_Handler
    startup_stm32f407xx.o(RESET) refers to stm32f4xx_it.o(i.UsageFault_Handler) for UsageFault_Handler
    startup_stm32f407xx.o(RESET) refers to stm32f4xx_it.o(i.SVC_Handler) for SVC_Handler
    startup_stm32f407xx.o(RESET) refers to stm32f4xx_it.o(i.DebugMon_Handler) for DebugMon_Handler
    startup_stm32f407xx.o(RESET) refers to stm32f4xx_it.o(i.PendSV_Handler) for PendSV_Handler
    startup_stm32f407xx.o(RESET) refers to stm32f4xx_it.o(i.SysTick_Handler) for SysTick_Handler
    startup_stm32f407xx.o(RESET) refers to usmart_port.o(i.TIM4_IRQHandler) for TIM4_IRQHandler
    startup_stm32f407xx.o(RESET) refers to usart.o(i.USART1_IRQHandler) for USART1_IRQHandler
    startup_stm32f407xx.o(RESET) refers to rs485.o(i.USART3_IRQHandler) for USART3_IRQHandler
    startup_stm32f407xx.o(.text) refers (Special) to heapauxi.o(.text) for __use_two_region_memory
    startup_stm32f407xx.o(.text) refers to system_stm32f4xx.o(i.SystemInit) for SystemInit
    startup_stm32f407xx.o(.text) refers to __main.o(!!!main) for __main
    startup_stm32f407xx.o(.text) refers to startup_stm32f407xx.o(HEAP) for Heap_Mem
    startup_stm32f407xx.o(.text) refers to startup_stm32f407xx.o(STACK) for Stack_Mem
    stm32f4xx_it.o(i.SysTick_Handler) refers to stm32f4xx_hal.o(i.HAL_IncTick) for HAL_IncTick
    system_stm32f4xx.o(i.SystemCoreClockUpdate) refers to system_stm32f4xx.o(.data) for .data
    system_stm32f4xx.o(i.SystemCoreClockUpdate) refers to system_stm32f4xx.o(.constdata) for .constdata
    emm.o(i.Emm_V5_En_Control) refers to rs485.o(i.rs485_send_data) for rs485_send_data
    emm.o(i.Emm_V5_Modify_Ctrl_Mode) refers to rs485.o(i.rs485_send_data) for rs485_send_data
    emm.o(i.Emm_V5_Origin_Interrupt) refers to rs485.o(i.rs485_send_data) for rs485_send_data
    emm.o(i.Emm_V5_Origin_Modify_Params) refers to rt_memclr_w.o(.text) for __aeabi_memclr4
    emm.o(i.Emm_V5_Origin_Modify_Params) refers to rs485.o(i.rs485_send_data) for rs485_send_data
    emm.o(i.Emm_V5_Origin_Set_O) refers to rs485.o(i.rs485_send_data) for rs485_send_data
    emm.o(i.Emm_V5_Origin_Trigger_Return) refers to rs485.o(i.rs485_send_data) for rs485_send_data
    emm.o(i.Emm_V5_Pos_Control) refers to rs485.o(i.rs485_send_data) for rs485_send_data
    emm.o(i.Emm_V5_Read_Sys_Params) refers to rs485.o(i.rs485_send_data) for rs485_send_data
    emm.o(i.Emm_V5_Reset_Clog_Pro) refers to rs485.o(i.rs485_send_data) for rs485_send_data
    emm.o(i.Emm_V5_Reset_CurPos_To_Zero) refers to rs485.o(i.rs485_send_data) for rs485_send_data
    emm.o(i.Emm_V5_Stop_Now) refers to rs485.o(i.rs485_send_data) for rs485_send_data
    emm.o(i.Emm_V5_Synchronous_motion) refers to rs485.o(i.rs485_send_data) for rs485_send_data
    emm.o(i.Emm_V5_Vel_Control) refers to rs485.o(i.rs485_send_data) for rs485_send_data
    main.o(i._Z10move_set_2v) refers to main.o(i._ZN5Motor12tgt_positionEdi) for Motor::tgt_position(double, int)
    main.o(i._Z10move_set_2v) refers to delay.o(i.delay_ms) for delay_ms
    main.o(i._Z10move_set_2v) refers to main.o(.bss) for .bss
    main.o(i._Z14displayMessagePKc) refers to _printf_pad.o(.text) for _printf_pre_padding
    main.o(i._Z14displayMessagePKc) refers to _printf_percent.o(.ARM.Collect$$_printf_percent$$00000000) for _printf_percent
    main.o(i._Z14displayMessagePKc) refers to _printf_s.o(.ARM.Collect$$_printf_percent$$00000014) for _printf_s
    main.o(i._Z14displayMessagePKc) refers to _printf_str.o(.text) for _printf_str
    main.o(i._Z14displayMessagePKc) refers to noretval__2snprintf.o(.text) for __2snprintf
    main.o(i._Z14displayMessagePKc) refers to lcd.o(i.lcd_show_string) for lcd_show_string
    main.o(i._Z18process_move_set_1v) refers to stm32f4xx_hal.o(i.HAL_GetTick) for HAL_GetTick
    main.o(i._Z18process_move_set_1v) refers to main.o(i._ZN5Motor12tgt_positionEdi) for Motor::tgt_position(double, int)
    main.o(i._Z18process_move_set_1v) refers to delay.o(i.delay_ms) for delay_ms
[...]
    i.read_addr                              0x080060cc   Section        0  usmart.o(i.read_addr)
    i.rs485_init                             0x080060d0   Section        0  rs485.o(i.rs485_init)
    i.rs485_receive_data                     0x08006188   Section        0  rs485.o(i.rs485_receive_data)
    i.rs485_send_data                        0x080061d8   Section        0  rs485.o(i.rs485_send_data)
    i.sys_stm32_clock_init                   0x080061f8   Section        0  sys.o(i.sys_stm32_clock_init)
    i.usart_init                             0x08006290   Section        0  usart.o(i.usart_init)
    i.usmart_cmd_rec                         0x080062c8   Section        0  usmart.o(i.usmart_cmd_rec)
    i.usmart_exe                             0x0800635c   Section        0  usmart.o(i.usmart_exe)
    i.usmart_get_aparm                       0x080065d4   Section        0  usmart_str.o(i.usmart_get_aparm)
    i.usmart_get_cmdname                     0x08006678   Section        0  usmart_str.o(i.usmart_get_cmdname)
    i.usmart_get_fname                       0x080066a8   Section        0  usmart_str.o(i.usmart_get_fname)
    i.usmart_get_fparam                      0x0800681c   Section        0  usmart_str.o(i.usmart_get_fparam)
    i.usmart_get_input_string                0x080068fc   Section        0  usmart_port.o(i.usmart_get_input_string)
    i.usmart_get_parmpos                     0x0800691c   Section        0  usmart_str.o(i.usmart_get_parmpos)
    i.usmart_init                            0x08006940   Section        0  usmart.o(i.usmart_init)
    i.usmart_pow                             0x08006968   Section        0  usmart_str.o(i.usmart_pow)
    i.usmart_scan                            0x08006978   Section        0  usmart.o(i.usmart_scan)
    i.usmart_search_nextc                    0x08006a20   Section        0  usmart_str.o(i.usmart_search_nextc)
    i.usmart_str2num                         0x08006a34   Section        0  usmart_str.o(i.usmart_str2num)
    i.usmart_strcmp                          0x08006b10   Section        0  usmart_str.o(i.usmart_strcmp)
    i.usmart_strcopy                         0x08006b2a   Section        0  usmart_str.o(i.usmart_strcopy)
    i.usmart_strlen                          0x08006b3c   Section        0  usmart_str.o(i.usmart_strlen)
    i.usmart_sys_cmd_exe                     0x08006b50   Section        0  usmart.o(i.usmart_sys_cmd_exe)
    i.usmart_timx_get_time                   0x080071f0   Section        0  usmart_port.o(i.usmart_timx_get_time)
    i.usmart_timx_init                       0x08007220   Section        0  usmart_port.o(i.usmart_timx_init)
    i.usmart_timx_reset_time                 0x08007270   Section        0  usmart_port.o(i.usmart_timx_reset_time)
    i.write_addr                             0x08007298   Section        0  usmart.o(i.write_addr)
    x$fpl$basic                              0x0800729c   Section       24  basic.o(x$fpl$basic)
    $v0                                      0x0800729c   Number         0  basic.o(x$fpl$basic)
    x$fpl$dcmpinf                            0x080072b4   Section       24  dcmpi.o(x$fpl$dcmpinf)
    $v0                                      0x080072b4   Number         0  dcmpi.o(x$fpl$dcmpinf)
    x$fpl$ddiv                               0x080072cc   Section      688  ddiv.o(x$fpl$ddiv)
    $v0                                      0x080072cc   Number         0  ddiv.o(x$fpl$ddiv)
    ddiv_entry                               0x080072d3   Thumb Code     0  ddiv.o(x$fpl$ddiv)
    x$fpl$dfix                               0x0800757c   Section       94  dfix.o(x$fpl$dfix)
    $v0                                      0x0800757c   Number         0  dfix.o(x$fpl$dfix)
    x$fpl$dfixu                              0x080075dc   Section       90  dfixu.o(x$fpl$dfixu)
    $v0                                      0x080075dc   Number         0  dfixu.o(x$fpl$dfixu)
    x$fpl$dflt                               0x08007636   Section       46  dflt_clz.o(x$fpl$dflt)
    $v0                                      0x08007636   Number         0  dflt_clz.o(x$fpl$dflt)
    x$fpl$dfltu                              0x08007664   Section       38  dflt_clz.o(x$fpl$dfltu)
    $v0                                      0x08007664   Number         0  dflt_clz.o(x$fpl$dfltu)
    x$fpl$dleqf                              0x0800768c   Section      120  dleqf.o(x$fpl$dleqf)
    $v0                                      0x0800768c   Number         0  dleqf.o(x$fpl$dleqf)
    x$fpl$dmul                               0x08007704   Section      340  dmul.o(x$fpl$dmul)
    $v0                                      0x08007704   Number         0  dmul.o(x$fpl$dmul)
    x$fpl$dnaninf                            0x08007858   Section      156  dnaninf.o(x$fpl$dnaninf)
    $v0                                      0x08007858   Number         0  dnaninf.o(x$fpl$dnaninf)
    x$fpl$dretinf                            0x080078f4   Section       12  dretinf.o(x$fpl$dretinf)
    $v0                                      0x080078f4   Number         0  dretinf.o(x$fpl$dretinf)
    x$fpl$fpinit                             0x08007900   Section       10  fpinit.o(x$fpl$fpinit)
    $v0                                      0x08007900   Number         0  fpinit.o(x$fpl$fpinit)
    .constdata                               0x0800790a   Section       16  system_stm32f4xx.o(.constdata)
    x$fpl$usenofp                            0x0800790a   Section        0  usenofp.o(x$fpl$usenofp)
    .constdata                               0x0800791a   Section        8  system_stm32f4xx.o(.constdata)
    .constdata                               0x08007922   Section    12160  lcd.o(.constdata)
    .constdata                               0x0800a8a2   Section       40  _printf_hex_int.o(.constdata)
    uc_hextab                                0x0800a8a2   Data          20  _printf_hex_int.o(.constdata)
    lc_hextab                                0x0800a8b6   Data          20  _printf_hex_int.o(.constdata)
    .constdata                               0x0800a8ca   Section       17  __printf_flags_ss_wp.o(.constdata)
    maptable                                 0x0800a8ca   Data          17  __printf_flags_ss_wp.o(.constdata)
    .constdata__ZZN5Motor12set_velocityEiEs  0x0800a8db   Section        4  main.o(.constdata__ZZN5Motor12set_velocityEiEs)
    .constdata__ZZN5Motor12set_velocityEiEs_0 0x0800a8df   Section        5  main.o(.constdata__ZZN5Motor12set_velocityEiEs_0)
    .constdata__ZZN5Motor12tgt_positionEdiEs 0x0800a8e4   Section        4  main.o(.constdata__ZZN5Motor12tgt_positionEdiEs)
    .constdata__ZZN5Motor12tgt_positionEdiEs_0 0x0800a8e8   Section        5  main.o(.constdata__ZZN5Motor12tgt_positionEdiEs_0)
    .constdata__ZZN5Motor4initEhhhhEs        0x0800a8ed   Section        5  main.o(.constdata__ZZN5Motor4initEhhhhEs)
    .constdata__ZZNK5Motor13displayStatusEiiEs 0x0800a8f2   Section        7  main.o(.constdata__ZZNK5Motor13displayStatusEiiEs)
    .constdata__ZZNK5Motor13displayStatusEiiEs_0 0x0800a8f9   Section        5  main.o(.constdata__ZZNK5Motor13displayStatusEiiEs_0)
    .constdata__ZZNK5Motor13displayStatusEiiEs_1 0x0800a8fe   Section        7  main.o(.constdata__ZZNK5Motor13displayStatusEiiEs_1)
    .constdata__ZZNK5Motor13displayStatusEiiEs_2 0x0800a905   Section        4  main.o(.constdata__ZZNK5Motor13displayStatusEiiEs_2)
    .constdata__ZZNK5Motor13displayStatusEiiEs_3 0x0800a909   Section        5  main.o(.constdata__ZZNK5Motor13displayStatusEiiEs_3)
    .constdata__ZZNK5Motor13displayStatusEiiEs_4 0x0800a90e   Section        9  main.o(.constdata__ZZNK5Motor13displayStatusEiiEs_4)
    .constdata__ZZNK5Motor13displayStatusEiiEs_5 0x0800a917   Section        9  main.o(.constdata__ZZNK5Motor13displayStatusEiiEs_5)
    .constdata__ZZNK5Motor13displayStatusEiiEs_6 0x0800a920   Section        8  main.o(.constdata__ZZNK5Motor13displayStatusEiiEs_6)
    .constdata__ZZNK5Motor13displayStatusEiiEs_7 0x0800a928   Section        4  main.o(.constdata__ZZNK5Motor13displayStatusEiiEs_7)
    .conststring                             0x0800a92c   Section       53  main.o(.conststring)
    .conststring                             0x0800a964   Section       40  usmart.o(.conststring)
    .conststring                             0x0800a98c   Section     1036  usmart_config.o(.conststring)
    .data                                    0x20000000   Section        4  system_stm32f4xx.o(.data)
    .data                                    0x20000004   Section       36  main.o(.data)
    move1_state                              0x20000004   Data           1  main.o(.data)
    move1_lastTick                           0x20000008   Data           4  main.o(.data)
    .data                                    0x20000028   Section        4  delay.o(.data)
    g_fac_us                                 0x20000028   Data           4  delay.o(.data)
    .data                                    0x2000002c   Section        4  usart.o(.data)
    .data                                    0x20000030   Section        4  usart.o(.data)
    .data                                    0x20000034   Section       12  stm32f4xx_hal.o(.data)
    .data                                    0x20000040   Section        4  lcd.o(.data)
    .data                                    0x20000044   Section        1  key.o(.data)
    key_up                                   0x20000044   Data           1  key.o(.data)
    .data                                    0x20000045   Section        1  rs485.o(.data)
    .data                                    0x20000048   Section       28  usmart.o(.data)
    .data                                    0x20000064   Section      128  usmart_config.o(.data)
    .data                                    0x200000e4   Section      244  usmart_config.o(.data)
    .bss                                     0x200001d8   Section      224  main.o(.bss)
    .bss                                     0x200002b8   Section      268  usart.o(.bss)
    .bss                                     0x200003c4   Section       94  lcd.o(.bss)
    .bss                                     0x20000424   Section      132  rs485.o(.bss)
    .bss                                     0x200004a8   Section       72  usmart_port.o(.bss)
    .bss                                     0x200004f0   Section       96  libspace.o(.bss)
    HEAP                                     0x20000550   Section        0  startup_stm32f407xx.o(HEAP)
    STACK                                    0x20000550   Section     1024  startup_stm32f407xx.o(STACK)
    Heap_Mem                                 0x20000550   Data           0  startup_stm32f407xx.o(HEAP)
    Stack_Mem                                0x20000550   Data        1024  startup_stm32f407xx.o(STACK)
    __initial_sp                             0x20000950   Data           0  startup_stm32f407xx.o(STACK)

    Global Symbols

    Symbol Name                              Value     Ov Type        Size  Object(Section)

    BuildAttributes$$THM_ISAv4$E$P$D$K$B$S$7EM$VFPi3$EXTD16$VFPS$VFMA$PE$A:L22UL41UL21$X:L11$S22US41US21$IEEE1$IW$USESV6$~STKCKD$USESV7$~SHL$OSPACE$ROPI$EBA8$UX$STANDARDLIB$REQ8$PRES8$EABIv2 0x00000000   Number         0  anon$$obj.o ABSOLUTE
    __ARM_use_no_argv                        0x00000000   Number         0  main.o ABSOLUTE
    _printf_flags                            0x00000000   Number         0  printf_stubs.o ABSOLUTE
    _printf_return_value                     0x00000000   Number         0  printf_stubs.o ABSOLUTE
    _printf_sizespec                         0x00000000   Number         0  printf_stubs.o ABSOLUTE
    _printf_widthprec                        0x00000000   Number         0  printf_stubs.o ABSOLUTE
    __ARM_exceptions_init                     - Undefined Weak Reference
    __alloca_initialize                       - Undefined Weak Reference
    __arm_fini_                               - Undefined Weak Reference
    __arm_preinit_                            - Undefined Weak Reference
    __cpp_initialize__aeabi_                  - Undefined Weak Reference
    __cxa_finalize                            - Undefined Weak Reference
    __rt_locale                               - Undefined Weak Reference
    __sigvec_lookup                           - Undefined Weak Reference
    _atexit_init                              - Undefined Weak Reference
    _call_atexit_fns                          - Undefined Weak Reference
    _clock_init                               - Undefined Weak Reference
    _fp_trap_init                             - Undefined Weak Reference
    _fp_trap_shutdown                         - Undefined Weak Reference
    _get_lc_collate                           - Undefined Weak Reference
    _get_lc_ctype                             - Undefined Weak Reference
    _get_lc_monetary                          - Undefined Weak Reference
    _get_lc_numeric                           - Undefined Weak Reference
    _get_lc_time                              - Undefined Weak Reference
    _getenv_init                              - Undefined Weak Reference
    _handle_redirection                       - Undefined Weak Reference
    _init_alloc                               - Undefined Weak Reference
    _init_user_alloc                          - Undefined Weak Reference
    _initio                                   - Undefined Weak Reference
    _mutex_acquire                            - Undefined Weak Reference
    _mutex_release                            - Undefined Weak Reference
    _printf_mbtowc                            - Undefined Weak Reference
    _printf_truncate_signed                   - Undefined Weak Reference
    _printf_truncate_unsigned                 - Undefined Weak Reference
    _rand_init                                - Undefined Weak Reference
    _signal_finish                            - Undefined Weak Reference
    _signal_init                              - Undefined Weak Reference
    _terminate_alloc                          - Undefined Weak Reference
    _terminate_user_alloc                     - Undefined Weak Reference
    _terminateio                              - Undefined Weak Reference
    __Vectors_Size                           0x00000188   Number         0  startup_stm32f407xx.o ABSOLUTE
    __Vectors                                0x08000000   Data           4  startup_stm32f407xx.o(RESET)
    __Vectors_End                            0x08000188   Data           0  startup_stm32f407xx.o(RESET)
    __main                                   0x08000189   Thumb Code     8  __main.o(!!!main)
    __scatterload                            0x08000191   Thumb Code     0  __scatter.o(!!!scatter)
    __scatterload_rt2                        0x08000191   Thumb Code    44  __scatter.o(!!!scatter)
    __scatterload_rt2_thumb_only             0x08000191   Thumb Code     0  __scatter.o(!!!scatter)
    __scatterload_null                       0x0800019f   Thumb Code     0  __scatter.o(!!!scatter)
    __decompress                             0x080001c5   Thumb Code    90  __dczerorl2.o(!!dczerorl2)
    __decompress1                            0x080001c5   Thumb Code     0  __dczerorl2.o(!!dczerorl2)
    __scatterload_zeroinit                   0x08000221   Thumb Code    28  __scatter_zi.o(!!handler_zi)
    _printf_d                                0x0800023d   Thumb Code     0  _printf_d.o(.ARM.Collect$$_printf_percent$$00000009)
    _printf_percent                          0x0800023d   Thumb Code     0  _printf_percent.o(.ARM.Collect$$_printf_percent$$00000000)
    _printf_u                                0x08000243   Thumb Code     0  _printf_u.o(.ARM.Collect$$_printf_percent$$0000000A)
    _printf_x                                0x08000249   Thumb Code     0  _printf_x.o(.ARM.Collect$$_printf_percent$$0000000C)
    _printf_c                                0x0800024f   Thumb Code     0  _printf_c.o(.ARM.Collect$$_printf_percent$$00000013)
    _printf_s                                0x08000255   Thumb Code     0  _printf_s.o(.ARM.Collect$$_printf_percent$$00000014)
    _printf_percent_end                      0x0800025b   Thumb Code     0  _printf_percent_end.o(.ARM.Collect$$_printf_percent$$00000017)
    __rt_lib_init                            0x0800025f   Thumb Code     0  libinit.o(.ARM.Collect$$libinit$$00000000)
    __rt_lib_init_fp_1                       0x08000261   Thumb Code     0  libinit2.o(.ARM.Collect$$libinit$$00000001)
    __rt_lib_init_alloca_1                   0x08000265   Thumb Code     0  libinit2.o(.ARM.Collect$$libinit$$0000002E)
    __rt_lib_init_argv_1                     0x08000265   Thumb Code     0  libinit2.o(.ARM.Collect$$libinit$$0000002C)
    __rt_lib_init_atexit_1                   0x08000265   Thumb Code     0  libinit2.o(.ARM.Collect$$libinit$$0000001B)
    __rt_lib_init_clock_1                    0x08000265   Thumb Code     0  libinit2.o(.ARM.Collect$$libinit$$00000021)
    __rt_lib_init_cpp_1                      0x08000265   Thumb Code     0  libinit2.o(.ARM.Collect$$libinit$$00000032)
    __rt_lib_init_exceptions_1               0x08000265   Thumb Code     0  libinit2.o(.ARM.Collect$$libinit$$00000030)
    __rt_lib_init_fp_trap_1                  0x08000265   Thumb Code     0  libinit2.o(.ARM.Collect$$libinit$$0000001F)
    __rt_lib_init_getenv_1                   0x08000265   Thumb Code     0  libinit2.o(.ARM.Collect$$libinit$$00000023)
    __rt_lib_init_heap_1                     0x08000265   Thumb Code     0  libinit2.o(.ARM.Collect$$libinit$$0000000A)
    __rt_lib_init_lc_collate_1               0x08000265   Thumb Code     0  libinit2.o(.ARM.Collect$$libinit$$00000011)
    __rt_lib_init_lc_ctype_1                 0x08000265   Thumb Code     0  libinit2.o(.ARM.Collect$$libinit$$00000013)
    __rt_lib_init_lc_monetary_1              0x08000265   Thumb Code     0  libinit2.o(.ARM.Collect$$libinit$$00000015)
    __rt_lib_init_lc_numeric_1               0x08000265   Thumb Code     0  libinit2.o(.ARM.Collect$$libinit$$00000017)
    __rt_lib_init_lc_time_1                  0x08000265   Thumb Code     0  libinit2.o(.ARM.Collect$$libinit$$00000019)
    __rt_lib_init_preinit_1                  0x08000265   Thumb Code     0  libinit2.o(.ARM.Collect$$libinit$$00000004)
    __rt_lib_init_rand_1                     0x08000265   Thumb Code     0  libinit2.o(.ARM.Collect$$libinit$$0000000E)
    __rt_lib_init_return                     0x08000265   Thumb Code     0  libinit2.o(.ARM.Collect$$libinit$$00000033)
    __rt_lib_init_signal_1                   0x08000265   Thumb Code     0  libinit2.o(.ARM.Collect$$libinit$$0000001D)
    __rt_lib_init_stdio_1                    0x08000265   Thumb Code     0  libinit2.o(.ARM.Collect$$libinit$$00000025)
    __rt_lib_init_user_alloc_1               0x08000265   Thumb Code     0  libinit2.o(.ARM.Collect$$libinit$$0000000C)
    __rt_lib_shutdown                        0x08000267   Thumb Code     0  libshutdown.o(.ARM.Collect$$libshutdown$$00000000)
    __rt_lib_shutdown_cpp_1                  0x08000269   Thumb Code     0  libshutdown2.o(.ARM.Collect$$libshutdown$$00000004)
    __rt_lib_shutdown_fini_1                 0x08000269   Thumb Code     0  libshutdown2.o(.ARM.Collect$$libshutdown$$00000002)
    __rt_lib_shutdown_fp_trap_1              0x08000269   Thumb Code     0  libshutdown2.o(.ARM.Collect$$libshutdown$$00000009)
    __rt_lib_shutdown_heap_1                 0x08000269   Thumb Code     0  libshutdown2.o(.ARM.Collect$$libshutdown$$00000011)
    __rt_lib_shutdown_return                 0x08000269   Thumb Code     0  libshutdown2.o(.ARM.Collect$$libshutdown$$00000012)
    __rt_lib_shutdown_signal_1               0x08000269   Thumb Code     0  libshutdown2.o(.ARM.Collect$$libshutdown$$0000000C)
    __rt_lib_shutdown_stdio_1                0x08000269   Thumb Code     0  libshutdown2.o(.ARM.Collect$$libshutdown$$00000006)
    __rt_lib_shutdown_user_alloc_1           0x08000269   Thumb Code     0  libshutdown2.o(.ARM.Collect$$libshutdown$$0000000E)
    __rt_entry                               0x0800026b   Thumb Code     0  __rtentry.o(.ARM.Collect$$rtentry$$00000000)
    __rt_entry_presh_1                       0x0800026b   Thumb Code     0  __rtentry2.o(.ARM.Collect$$rtentry$$00000002)
    __rt_entry_sh                            0x0800026b   Thumb Code     0  __rtentry4.o(.ARM.Collect$$rtentry$$00000004)
    __rt_entry_li                            0x08000271   Thumb Code     0  __rtentry2.o(.ARM.Collect$$rtentry$$0000000A)
    __rt_entry_postsh_1                      0x08000271   Thumb Code     0  __rtentry2.o(.ARM.Collect$$rtentry$$00000009)
    __rt_entry_main                          0x08000275   Thumb Code     0  __rtentry2.o(.ARM.Collect$$rtentry$$0000000D)
    __rt_entry_postli_1                      0x08000275   Thumb Code     0  __rtentry2.o(.ARM.Collect$$rtentry$$0000000C)
    __rt_exit                                0x0800027d   Thumb Code     0  rtexit.o(.ARM.Collect$$rtexit$$00000000)
    __rt_exit_ls                             0x0800027f   Thumb Code     0  rtexit2.o(.ARM.Collect$$rtexit$$00000003)
    __rt_exit_prels_1                        0x0800027f   Thumb Code     0  rtexit2.o(.ARM.Collect$$rtexit$$00000002)
    __rt_exit_exit                           0x08000283   Thumb Code     0  rtexit2.o(.ARM.Collect$$rtexit$$00000004)
    Reset_Handler                            0x08000289   Thumb Code    18  startup_stm32f407xx.o(.text)
    ADC_IRQHandler                           0x080002ad   Thumb Code     0  startup_stm32f407xx.o(.text)
    CAN1_RX0_IRQHandler                      0x080002ad   Thumb Code     0  startup_stm32f407xx.o(.text)
    CAN1_RX1_IRQHandler                      0x080002ad   Thumb Code     0  startup_stm32f407xx.o(.text)
    CAN1_SCE_IRQHandler                      0x080002ad   Thumb Code     0  startup_stm32f407xx.o(.text)
    CAN1_TX_IRQHandler                       0x080002ad   Thumb Code     0  startup_stm32f407xx.o(.text)
    CAN2_RX0_IRQHandler                      0x080002ad   Thumb Code     0  startup_stm32f407xx.o(.text)
    CAN2_RX1_IRQHandler                      0x080002ad   Thumb Code     0  startup_stm32f407xx.o(.text)
    CAN2_SCE_IRQHandler                      0x080002ad   Thumb Code     0  startup_stm32f407xx.o(.text)
    CAN2_TX_IRQHandler                       0x080002ad   Thumb Code     0  startup_stm32f407xx.o(.text)
    DCMI_IRQHandler                          0x080002ad   Thumb Code     0  startup_stm32f407xx.o(.text)
    DMA1_Stream0_IRQHandler                  0x080002ad   Thumb Code     0  startup_stm32f407xx.o(.text)
    DMA1_Stream1_IRQHandler                  0x080002ad   Thumb Code     0  startup_stm32f407xx.o(.text)
    DMA1_Stream2_IRQHandler                  0x080002ad   Thumb Code     0  startup_stm32f407xx.o(.text)
    DMA1_Stream3_IRQHandler                  0x080002ad   Thumb Code     0  startup_stm32f407xx.o(.text)
    DMA1_Stream4_IRQHandler                  0x080002ad   Thumb Code     0  startup_stm32f407xx.o(.text)
    DMA1_Stream5_IRQHandler                  0x080002ad   Thumb Code     0  startup_stm32f407xx.o(.text)
    DMA1_Stream6_IRQHandler                  0x080002ad   Thumb Code     0  startup_stm32f407xx.o(.text)
    DMA1_Stream7_IRQHandler                  0x080002ad   Thumb Code     0  startup_stm32f407xx.o(.text)
    DMA2_Stream0_IRQHandler                  0x080002ad   Thumb Code     0  startup_stm32f407xx.o(.text)
    DMA2_Stream1_IRQHandler                  0x080002ad   Thumb Code     0  startup_stm32f407xx.o(.text)
    DMA2_Stream2_IRQHandler                  0x080002ad   Thumb Code     0  startup_stm32f407xx.o(.text)
    DMA2_Stream3_IRQHandler                  0x080002ad   Thumb Code     0  startup_stm32f407xx.o(.text)
    DMA2_Stream4_IRQHandler                  0x080002ad   Thumb Code     0  startup_stm32f407xx.o(.text)
    DMA2_Stream5_IRQHandler                  0x080002ad   Thumb Code     0  startup_stm32f407xx.o(.text)
    DMA2_Stream6_IRQHandler                  0x080002ad   Thumb Code     0  startup_stm32f407xx.o(.text)
    DMA2_Stream7_IRQHandler                  0x080002ad   Thumb Code     0  startup_stm32f407xx.o(.text)
    ETH_IRQHandler                           0x080002ad   Thumb Code     0  startup_stm32f407xx.o(.text)
    ETH_WKUP_IRQHandler                      0x080002ad   Thumb Code     0  startup_stm32f407xx.o(.text)
    EXTI0_IRQHandler                         0x080002ad   Thumb Code     0  startup_stm32f407xx.o(.text)
    EXTI15_10_IRQHandler                     0x080002ad   Thumb Code     0  startup_stm32f407xx.o(.text)
    EXTI1_IRQHandler                         0x080002ad   Thumb Code     0  startup_stm32f407xx.o(.text)
    EXTI2_IRQHandler                         0x080002ad   Thumb Code     0  startup_stm32f407xx.o(.text)
    EXTI3_IRQHandler                         0x080002ad   Thumb Code     0  startup_stm32f407xx.o(.text)
    EXTI4_IRQHandler                         0x080002ad   Thumb Code     0  startup_stm32f407xx.o(.text)
    EXTI9_5_IRQHandler                       0x080002ad   Thumb Code     0  startup_stm32f407xx.o(.text)
    FLASH_IRQHandler                         0x080002ad   Thumb Code     0  startup_stm32f407xx.o(.text)
    FMC_IRQHandler                           0x080002ad   Thumb Code     0  startup_stm32f407xx.o(.text)
    FPU_IRQHandler                           0x080002ad   Thumb Code     0  startup_stm32f407xx.o(.text)
    HASH_RNG_IRQHandler                      0x080002ad   Thumb Code     0  startup_stm32f407xx.o(.text)
    I2C1_ER_IRQHandler                       0x080002ad   Thumb Code     0  startup_stm32f407xx.o(.text)
    I2C1_EV_IRQHandler                       0x080002ad   Thumb Code     0  startup_stm32f407xx.o(.text)
    I2C2_ER_IRQHandler                       0x080002ad   Thumb Code     0  startup_stm32f407xx.o(.text)
    I2C2_EV_IRQHandler                       0x080002ad   Thumb Code     0  startup_stm32f407xx.o(.text)
    I2C3_ER_IRQHandler                       0x080002ad   Thumb Code     0  startup_stm32f407xx.o(.text)
    I2C3_EV_IRQHandler                       0x080002ad   Thumb Code     0  startup_stm32f407xx.o(.text)
    OTG_FS_IRQHandler                        0x080002ad   Thumb Code     0  startup_stm32f407xx.o(.text)
    OTG_FS_WKUP_IRQHandler                   0x080002ad   Thumb Code     0  startup_stm32f407xx.o(.text)
    OTG_HS_EP1_IN_IRQHandler                 0x080002ad   Thumb Code     0  startup_stm32f407xx.o(.text)
    OTG_HS_EP1_OUT_IRQHandler                0x080002ad   Thumb Code     0  startup_stm32f407xx.o(.text)
    OTG_HS_IRQHandler                        0x080002ad   Thumb Code     0  startup_stm32f407xx.o(.text)
    OTG_HS_WKUP_IRQHandler                   0x080002ad   Thumb Code     0  startup_stm32f407xx.o(.text)
    PVD_IRQHandler                           0x080002ad   Thumb Code     0  startup_stm32f407xx.o(.text)
    RCC_IRQHandler                           0x080002ad   Thumb Code     0  startup_stm32f407xx.o(.text)
    RTC_Alarm_IRQHandler                     0x080002ad   Thumb Code     0  startup_stm32f407xx.o(.text)
    RTC_WKUP_IRQHandler                      0x080002ad   Thumb Code     0  startup_stm32f407xx.o(.text)
    SDIO_IRQHandler                          0x080002ad   Thumb Code     0  startup_stm32f407xx.o(.text)
    SPI1_IRQHandler                          0x080002ad   Thumb Code     0  startup_stm32f407xx.o(.text)
    SPI2_IRQHandler                          0x080002ad   Thumb Code     0  startup_stm32f407xx.o(.text)
    SPI3_IRQHandler                          0x080002ad   Thumb Code     0  startup_stm32f407xx.o(.text)
    TAMP_STAMP_IRQHandler                    0x080002ad   Thumb Code     0  startup_stm32f407xx.o(.text)
    TIM1_BRK_TIM9_IRQHandler                 0x080002ad   Thumb Code     0  startup_stm32f407xx.o(.text)
    TIM1_CC_IRQHandler                       0x080002ad   Thumb Code     0  startup_stm32f407xx.o(.text)
    TIM1_TRG_COM_TIM11_IRQHandler            0x080002ad   Thumb Code     0  startup_stm32f407xx.o(.text)
    TIM1_UP_TIM10_IRQHandler                 0x080002ad   Thumb Code     0  startup_stm32f407xx.o(.text)
    TIM2_IRQHandler                          0x080002ad   Thumb Code     0  startup_stm32f407xx.o(.text)
    TIM3_IRQHandler                          0x080002ad   Thumb Code     0  startup_stm32f407xx.o(.text)
    TIM5_IRQHandler                          0x080002ad   Thumb Code     0  startup_stm32f407xx.o(.text)
    TIM6_DAC_IRQHandler                      0x080002ad   Thumb Code     0  startup_stm32f407xx.o(.text)
    TIM7_IRQHandler                          0x080002ad   Thumb Code     0  startup_stm32f407xx.o(.text)
    TIM8_BRK_TIM12_IRQHandler                0x080002ad   Thumb Code     0  startup_stm32f407xx.o(.text)
    TIM8_CC_IRQHandler                       0x080002ad   Thumb Code     0  startup_stm32f407xx.o(.text)
    TIM8_TRG_COM_TIM14_IRQHandler            0x080002ad   Thumb Code     0  startup_stm32f407xx.o(.text)
    TIM8_UP_TIM13_IRQHandler                 0x080002ad   Thumb Code     0  startup_stm32f407xx.o(.text)
    UART4_IRQHandler                         0x080002ad   Thumb Code     0  startup_stm32f407xx.o(.text)
    UART5_IRQHandler                         0x080002ad   Thumb Code     0  startup_stm32f407xx.o(.text)
    USART2_IRQHandler                        0x080002ad   Thumb Code     0  startup_stm32f407xx.o(.text)
    USART6_IRQHandler                        0x080002ad   Thumb Code     0  startup_stm32f407xx.o(.text)
    WWDG_IRQHandler                          0x080002ad   Thumb Code     0  startup_stm32f407xx.o(.text)
    __user_initial_stackheap                 0x080002b1   Thumb Code     0  startup_stm32f407xx.o(.text)
    __use_no_semihosting                     0x080002d5   Thumb Code     2  use_no_semi_2.o(.text)
    __aeabi_uldivmod                         0x080002d7   Thumb Code     0  lludivv7m.o(.text)
    _ll_udiv                                 0x080002d7   Thumb Code   238  lludivv7m.o(.text)
    __2printf                                0x080003c5   Thumb Code    20  noretval__2printf.o(.text)
    __2snprintf                              0x080003dd   Thumb Code    48  noretval__2snprintf.o(.text)
    _printf_pre_padding                      0x08000411   Thumb Code    44  _printf_pad.o(.text)
    _printf_post_padding                     0x0800043d   Thumb Code    34  _printf_pad.o(.text)
    _printf_str                              0x0800045f   Thumb Code    82  _printf_str.o(.text)
    _printf_int_dec                          0x080004b1   Thumb Code   104  _printf_dec.o(.text)
    _printf_int_hex                          0x08000529   Thumb Code    84  _printf_hex_int.o(.text)
    _printf_longlong_hex                     0x08000529   Thumb Code     0  _printf_hex_int.o(.text)
    __printf                                 0x08000581   Thumb Code   388  __printf_flags_ss_wp.o(.text)
    __use_two_region_memory                  0x08000709   Thumb Code     2  heapauxi.o(.text)
    __rt_heap_escrow$2region                 0x0800070b   Thumb Code     2  heapauxi.o(.text)
    __rt_heap_expand$2region                 0x0800070d   Thumb Code     2  heapauxi.o(.text)
    __semihosting$guard                      0x0800070f   Thumb Code     0  use_no_semi.o(.text)
    __use_no_semihosting_swi                 0x0800070f   Thumb Code     2  use_no_semi.o(.text)
    _printf_int_common                       0x08000711   Thumb Code   178  _printf_intcommon.o(.text)
    _printf_char_common                      0x080007cf   Thumb Code    32  _printf_char_common.o(.text)
    _sputc                                   0x080007f5   Thumb Code    10  _sputc.o(.text)
    _snputc                                  0x080007ff   Thumb Code    16  _snputc.o(.text)
    _printf_cs_common                        0x0800080f   Thumb Code    20  _printf_char.o(.text)
    _printf_char                             0x08000823   Thumb Code    16  _printf_char.o(.text)
    _printf_string                           0x08000833   Thumb Code     8  _printf_char.o(.text)
    _printf_char_file                        0x0800083d   Thumb Code    32  _printf_char_file.o(.text)
    ferror                                   0x08000861   Thumb Code     8  ferror.o(.text)
    __user_setup_stackheap                   0x08000869   Thumb Code    74  sys_stackheap_outer.o(.text)
    exit                                     0x080008b3   Thumb Code    18  exit.o(.text)
    __user_libspace                          0x080008c5   Thumb Code     8  libspace.o(.text)
    __user_perproc_libspace                  0x080008c5   Thumb Code     0  libspace.o(.text)
    __user_perthread_libspace                0x080008c5   Thumb Code     0  libspace.o(.text)
    BusFault_Handler                         0x080008cd   Thumb Code     2  stm32f4xx_it.o(i.BusFault_Handler)
    DebugMon_Handler                         0x080008cf   Thumb Code     2  stm32f4xx_it.o(i.DebugMon_Handler)
    Emm_V5_Pos_Control                       0x080008d1   Thumb Code    94  emm.o(i.Emm_V5_Pos_Control)
    Emm_V5_Read_Sys_Params                   0x0800092f   Thumb Code   212  emm.o(i.Emm_V5_Read_Sys_Params)
    Emm_V5_Vel_Control                       0x08000a03   Thumb Code    62  emm.o(i.Emm_V5_Vel_Control)
    FSMC_NORSRAM_Extended_Timing_Init        0x08000a41   Thumb Code    60  stm32f4xx_ll_fsmc.o(i.FSMC_NORSRAM_Extended_Timing_Init)
    FSMC_NORSRAM_Init                        0x08000a81   Thumb Code    80  stm32f4xx_ll_fsmc.o(i.FSMC_NORSRAM_Init)
    FSMC_NORSRAM_Timing_Init                 0x08000ad5   Thumb Code    62  stm32f4xx_ll_fsmc.o(i.FSMC_NORSRAM_Timing_Init)
    HAL_DMA_Abort                            0x08000b13   Thumb Code   142  stm32f4xx_hal_dma.o(i.HAL_DMA_Abort)
    HAL_DMA_Abort_IT                         0x08000ba1   Thumb Code    36  stm32f4xx_hal_dma.o(i.HAL_DMA_Abort_IT)
    HAL_Delay                                0x08000bc5   Thumb Code     6  delay.o(i.HAL_Delay)
    HAL_GPIO_Init                            0x08000bcd   Thumb Code   418  stm32f4xx_hal_gpio.o(i.HAL_GPIO_Init)
    HAL_GPIO_ReadPin                         0x08000d9d   Thumb Code    14  stm32f4xx_hal_gpio.o(i.HAL_GPIO_ReadPin)
    HAL_GPIO_TogglePin                       0x08000dab   Thumb Code    16  stm32f4xx_hal_gpio.o(i.HAL_GPIO_TogglePin)
    HAL_GPIO_WritePin                        0x08000dbb   Thumb Code    14  stm32f4xx_hal_gpio.o(i.HAL_GPIO_WritePin)
    HAL_GetREVID                             0x08000dc9   Thumb Code     8  stm32f4xx_hal.o(i.HAL_GetREVID)
    HAL_GetTick                              0x08000dd5   Thumb Code     6  stm32f4xx_hal.o(i.HAL_GetTick)
    HAL_IncTick                              0x08000de1   Thumb Code    12  stm32f4xx_hal.o(i.HAL_IncTick)
    HAL_Init                                 0x08000df1   Thumb Code    40  stm32f4xx_hal.o(i.HAL_Init)
    HAL_InitTick                             0x08000e1d   Thumb Code    58  stm32f4xx_hal.o(i.HAL_InitTick)
    HAL_MspInit                              0x08000e61   Thumb Code     2  stm32f4xx_hal.o(i.HAL_MspInit)
    HAL_NVIC_EnableIRQ                       0x08000e63   Thumb Code    26  stm32f4xx_hal_cortex.o(i.HAL_NVIC_EnableIRQ)
    HAL_NVIC_SetPriority                     0x08000e7d   Thumb Code    60  stm32f4xx_hal_cortex.o(i.HAL_NVIC_SetPriority)
    HAL_NVIC_SetPriorityGrouping             0x08000ebd   Thumb Code    26  stm32f4xx_hal_cortex.o(i.HAL_NVIC_SetPriorityGrouping)
    HAL_RCC_ClockConfig                      0x08000ee1   Thumb Code   310  stm32f4xx_hal_rcc.o(i.HAL_RCC_ClockConfig)
    HAL_RCC_GetHCLKFreq                      0x0800102d   Thumb Code     6  stm32f4xx_hal_rcc.o(i.HAL_RCC_GetHCLKFreq)
    HAL_RCC_GetPCLK1Freq                     0x08001039   Thumb Code    22  stm32f4xx_hal_rcc.o(i.HAL_RCC_GetPCLK1Freq)
    HAL_RCC_GetPCLK2Freq                     0x08001059   Thumb Code    22  stm32f4xx_hal_rcc.o(i.HAL_RCC_GetPCLK2Freq)
    HAL_RCC_GetSysClockFreq                  0x08001079   Thumb Code    94  stm32f4xx_hal_rcc.o(i.HAL_RCC_GetSysClockFreq)
    HAL_RCC_OscConfig                        0x080010e1   Thumb Code   942  stm32f4xx_hal_rcc.o(i.HAL_RCC_OscConfig)
    HAL_SRAM_Init                            0x080014a1   Thumb Code    88  stm32f4xx_hal_sram.o(i.HAL_SRAM_Init)
    HAL_SRAM_MspInit                         0x080014f9   Thumb Code   104  lcd.o(i.HAL_SRAM_MspInit)
    HAL_SYSTICK_Config                       0x0800156d   Thumb Code    40  stm32f4xx_hal_cortex.o(i.HAL_SYSTICK_Config)
    HAL_TIM_Base_Init                        0x08001595   Thumb Code    74  stm32f4xx_hal_tim.o(i.HAL_TIM_Base_Init)
    HAL_TIM_Base_MspInit                     0x080015df   Thumb Code     2  stm32f4xx_hal_tim.o(i.HAL_TIM_Base_MspInit)
    HAL_TIM_Base_Start_IT                    0x080015e1   Thumb Code   110  stm32f4xx_hal_tim.o(i.HAL_TIM_Base_Start_IT)
    HAL_UARTEx_RxEventCallback               0x0800166d   Thumb Code     2  stm32f4xx_hal_uart.o(i.HAL_UARTEx_RxEventCallback)
    HAL_UART_ErrorCallback                   0x0800166f   Thumb Code     2  stm32f4xx_hal_uart.o(i.HAL_UART_ErrorCallback)
    HAL_UART_IRQHandler                      0x08001671   Thumb Code   458  stm32f4xx_hal_uart.o(i.HAL_UART_IRQHandler)
    HAL_UART_Init                            0x08001841   Thumb Code   100  stm32f4xx_hal_uart.o(i.HAL_UART_Init)
    HAL_UART_MspInit                         0x080018a5   Thumb Code   128  usart.o(i.HAL_UART_MspInit)
    HAL_UART_Receive                         0x08001931   Thumb Code   202  stm32f4xx_hal_uart.o(i.HAL_UART_Receive)
    HAL_UART_Receive_IT                      0x080019fb   Thumb Code    46  stm32f4xx_hal_uart.o(i.HAL_UART_Receive_IT)
    HAL_UART_RxCpltCallback                  0x08001a29   Thumb Code    92  usart.o(i.HAL_UART_RxCpltCallback)
    HAL_UART_Transmit                        0x08001a91   Thumb Code   190  stm32f4xx_hal_uart.o(i.HAL_UART_Transmit)
    HAL_UART_TxCpltCallback                  0x08001b4f   Thumb Code     2  stm32f4xx_hal_uart.o(i.HAL_UART_TxCpltCallback)
    HardFault_Handler                        0x08001b51   Thumb Code     2  stm32f4xx_it.o(i.HardFault_Handler)
    MemManage_Handler                        0x08001b53   Thumb Code     2  stm32f4xx_it.o(i.MemManage_Handler)
    NMI_Handler                              0x08001b55   Thumb Code     2  stm32f4xx_it.o(i.NMI_Handler)
    PendSV_Handler                           0x08001b57   Thumb Code     2  stm32f4xx_it.o(i.PendSV_Handler)
    SVC_Handler                              0x08001b59   Thumb Code     2  stm32f4xx_it.o(i.SVC_Handler)
    SysTick_Handler                          0x08001b5b   Thumb Code     4  stm32f4xx_it.o(i.SysTick_Handler)
    SystemInit                               0x08001b61   Thumb Code    12  system_stm32f4xx.o(i.SystemInit)
    TIM4_IRQHandler                          0x08001b71   Thumb Code    44  usmart_port.o(i.TIM4_IRQHandler)
    TIM_Base_SetConfig                       0x08001ba5   Thumb Code   160  stm32f4xx_hal_tim.o(i.TIM_Base_SetConfig)
    UART_Start_Receive_IT                    0x08001e91   Thumb Code    54  stm32f4xx_hal_uart.o(i.UART_Start_Receive_IT)
    USART1_IRQHandler                        0x08001f89   Thumb Code     6  usart.o(i.USART1_IRQHandler)
    USART3_IRQHandler                        0x08001f95   Thumb Code    52  rs485.o(i.USART3_IRQHandler)
    UsageFault_Handler                       0x08001fd1   Thumb Code     2  stm32f4xx_it.o(i.UsageFault_Handler)
    move_set_2()                             0x08001fd5   Thumb Code    38  main.o(i._Z10move_set_2v)
    displayMessage(const char*)              0x08002011   Thumb Code    46  main.o(i._Z14displayMessagePKc)
    process_move_set_1()                     0x08002049   Thumb Code   432  main.o(i._Z18process_move_set_1v)
    Translate_received_data(unsigned char*)  0x08002255   Thumb Code   324  main.o(i._Z23Translate_received_dataPh)
    Motor::tgt_position(double, int)         0x080023ad   Thumb Code   218  main.o(i._ZN5Motor12tgt_positionEdi)
    Motor::constant_rorate(int)              0x080024a9   Thumb Code    70  main.o(i._ZN5Motor15constant_rorateEi)
    Motor::init(unsigned char, unsigned char, unsigned char, unsigned char) 0x080024f9   Thumb Code    42  main.o(i._ZN5Motor4initEhhhh)
    Motor::displayStatus(int, int) const     0x08002531   Thumb Code   296  main.o(i._ZNK5Motor13displayStatusEii)
    _is_digit                                0x0800269d   Thumb Code    14  __printf_wp.o(i._is_digit)
    _sys_exit                                0x080026ab   Thumb Code     2  usart.o(i._sys_exit)
    delay_init                               0x080026ad   Thumb Code     6  delay.o(i.delay_init)
    delay_ms                                 0x080026b9   Thumb Code    10  delay.o(i.delay_ms)
    delay_us                                 0x080026c5   Thumb Code    50  delay.o(i.delay_us)
    fputc                                    0x080026fd   Thumb Code    14  usart.o(i.fputc)
    key_init                                 0x08002711   Thumb Code   120  key.o(i.key_init)
    key_scan                                 0x08002791   Thumb Code   146  key.o(i.key_scan)
    lcd_clear                                0x0800282d   Thumb Code    40  lcd.o(i.lcd_clear)
    lcd_display_dir                          0x0800285d   Thumb Code   238  lcd.o(i.lcd_display_dir)
    lcd_draw_circle                          0x08002951   Thumb Code   200  lcd.o(i.lcd_draw_circle)
    lcd_draw_line                            0x08002a19   Thumb Code   154  lcd.o(i.lcd_draw_line)
    lcd_draw_point                           0x08002ab5   Thumb Code    18  lcd.o(i.lcd_draw_point)
    lcd_draw_rectangle                       0x08002acd   Thumb Code    74  lcd.o(i.lcd_draw_rectangle)
    lcd_ex_ili9341_reginit                   0x08002b17   Thumb Code   558  lcd.o(i.lcd_ex_ili9341_reginit)
    lcd_ex_ili9806_reginit                   0x08002d45   Thumb Code   834  lcd.o(i.lcd_ex_ili9806_reginit)
    lcd_ex_nt35310_reginit                   0x08003087   Thumb Code  3828  lcd.o(i.lcd_ex_nt35310_reginit)
    lcd_ex_nt35510_reginit                   0x08003f7b   Thumb Code  3834  lcd.o(i.lcd_ex_nt35510_reginit)
    lcd_ex_ssd1963_reginit                   0x08004e75   Thumb Code   368  lcd.o(i.lcd_ex_ssd1963_reginit)
    lcd_ex_st7789_reginit                    0x08004fe5   Thumb Code   426  lcd.o(i.lcd_ex_st7789_reginit)
    lcd_ex_st7796_reginit                    0x0800518f   Thumb Code   456  lcd.o(i.lcd_ex_st7796_reginit)
    lcd_fill                                 0x08005359   Thumb Code    64  lcd.o(i.lcd_fill)
    lcd_init                                 0x0800539d   Thumb Code   940  lcd.o(i.lcd_init)
    lcd_read_point                           0x0800579d   Thumb Code   114  lcd.o(i.lcd_read_point)
    lcd_scan_dir                             0x08005815   Thumb Code   432  lcd.o(i.lcd_scan_dir)
    lcd_set_cursor                           0x080059c9   Thumb Code   254  lcd.o(i.lcd_set_cursor)
    lcd_show_char                            0x08005acd   Thumb Code   212  lcd.o(i.lcd_show_char)
    lcd_show_num                             0x08005bb9   Thumb Code   124  lcd.o(i.lcd_show_num)
    lcd_show_string                          0x08005c35   Thumb Code    84  lcd.o(i.lcd_show_string)
    lcd_show_xnum                            0x08005c89   Thumb Code   162  lcd.o(i.lcd_show_xnum)
    lcd_ssd_backlight_set                    0x08005d2d   Thumb Code    72  lcd.o(i.lcd_ssd_backlight_set)
    lcd_wr_data                              0x08005d7d   Thumb Code    18  lcd.o(i.lcd_wr_data)
    lcd_wr_regno                             0x08005d95   Thumb Code    18  lcd.o(i.lcd_wr_regno)
    lcd_write_ram_prepare                    0x08005dad   Thumb Code    10  lcd.o(i.lcd_write_ram_prepare)
    lcd_write_reg                            0x08005dc1   Thumb Code    10  lcd.o(i.lcd_write_reg)
    led_init                                 0x08005dd1   Thumb Code    94  led.o(i.led_init)
    main                                     0x08005e39   Thumb Code   504  main.o(i.main)
    read_addr                                0x080060cd   Thumb Code     4  usmart.o(i.read_addr)
    rs485_init                               0x080060d1   Thumb Code   168  rs485.o(i.rs485_init)
    rs485_receive_data                       0x08006189   Thumb Code    72  rs485.o(i.rs485_receive_data)
    rs485_send_data                          0x080061d9   Thumb Code    24  rs485.o(i.rs485_send_data)
    sys_stm32_clock_init                     0x080061f9   Thumb Code   140  sys.o(i.sys_stm32_clock_init)
    usart_init                               0x08006291   Thumb Code    44  usart.o(i.usart_init)
    usmart_cmd_rec                           0x080062c9   Thumb Code   142  usmart.o(i.usmart_cmd_rec)
    usmart_exe                               0x0800635d   Thumb Code   536  usmart.o(i.usmart_exe)
    usmart_get_aparm                         0x080065d5   Thumb Code   164  usmart_str.o(i.usmart_get_aparm)
    usmart_get_cmdname                       0x08006679   Thumb Code    46  usmart_str.o(i.usmart_get_cmdname)
    usmart_get_fname                         0x080066a9   Thumb Code   364  usmart_str.o(i.usmart_get_fname)
    usmart_get_fparam                        0x0800681d   Thumb Code   220  usmart_str.o(i.usmart_get_fparam)
    usmart_get_input_string                  0x080068fd   Thumb Code    24  usmart_port.o(i.usmart_get_input_string)
    usmart_get_parmpos                       0x0800691d   Thumb Code    30  usmart_str.o(i.usmart_get_parmpos)
    usmart_init                              0x08006941   Thumb Code    36  usmart.o(i.usmart_init)
    usmart_pow                               0x08006969   Thumb Code    16  usmart_str.o(i.usmart_pow)
    usmart_scan                              0x08006979   Thumb Code   106  usmart.o(i.usmart_scan)
    usmart_search_nextc                      0x08006a21   Thumb Code    20  usmart_str.o(i.usmart_search_nextc)
    usmart_str2num                           0x08006a35   Thumb Code   220  usmart_str.o(i.usmart_str2num)
    usmart_strcmp                            0x08006b11   Thumb Code    26  usmart_str.o(i.usmart_strcmp)
    usmart_strcopy                           0x08006b2b   Thumb Code    18  usmart_str.o(i.usmart_strcopy)
    usmart_strlen                            0x08006b3d   Thumb Code    18  usmart_str.o(i.usmart_strlen)
    usmart_sys_cmd_exe                       0x08006b51   Thumb Code  1490  usmart.o(i.usmart_sys_cmd_exe)
    usmart_timx_get_time                     0x080071f1   Thumb Code    40  usmart_port.o(i.usmart_timx_get_time)
    usmart_timx_init                         0x08007221   Thumb Code    68  usmart_port.o(i.usmart_timx_init)
    usmart_timx_reset_time                   0x08007271   Thumb Code    32  usmart_port.o(i.usmart_timx_reset_time)
    write_addr                               0x08007299   Thumb Code     4  usmart.o(i.write_addr)
    __aeabi_dneg                             0x0800729d   Thumb Code     0  basic.o(x$fpl$basic)
    _dneg                                    0x0800729d   Thumb Code     6  basic.o(x$fpl$basic)
    __aeabi_fneg                             0x080072a3   Thumb Code     0  basic.o(x$fpl$basic)
    _fneg                                    0x080072a3   Thumb Code     6  basic.o(x$fpl$basic)
    _dabs                                    0x080072a9   Thumb Code     6  basic.o(x$fpl$basic)
    _fabs                                    0x080072af   Thumb Code     6  basic.o(x$fpl$basic)
    __fpl_dcmp_Inf                           0x080072b5   Thumb Code    24  dcmpi.o(x$fpl$dcmpinf)
    __aeabi_ddiv                             0x080072cd   Thumb Code     0  ddiv.o(x$fpl$ddiv)
    _ddiv                                    0x080072cd   Thumb Code   552  ddiv.o(x$fpl$ddiv)
    __aeabi_d2iz                             0x0800757d   Thumb Code     0  dfix.o(x$fpl$dfix)
    _dfix                                    0x0800757d   Thumb Code    94  dfix.o(x$fpl$dfix)
    __aeabi_d2uiz                            0x080075dd   Thumb Code     0  dfixu.o(x$fpl$dfixu)
    _dfixu                                   0x080075dd   Thumb Code    90  dfixu.o(x$fpl$dfixu)
    __aeabi_i2d                              0x08007637   Thumb Code     0  dflt_clz.o(x$fpl$dflt)
    _dflt                                    0x08007637   Thumb Code    46  dflt_clz.o(x$fpl$dflt)
    __aeabi_ui2d                             0x08007665   Thumb Code     0  dflt_clz.o(x$fpl$dfltu)
    _dfltu                                   0x08007665   Thumb Code    38  dflt_clz.o(x$fpl$dfltu)
    __aeabi_cdcmple                          0x0800768d   Thumb Code     0  dleqf.o(x$fpl$dleqf)
    _dcmple                                  0x0800768d   Thumb Code   120  dleqf.o(x$fpl$dleqf)
    __fpl_dcmple_InfNaN                      0x080076ef   Thumb Code     0  dleqf.o(x$fpl$dleqf)
    __aeabi_dmul                             0x08007705   Thumb Code     0  dmul.o(x$fpl$dmul)
    _dmul                                    0x08007705   Thumb Code   332  dmul.o(x$fpl$dmul)
    __fpl_dnaninf                            0x08007859   Thumb Code   156  dnaninf.o(x$fpl$dnaninf)
    __fpl_dretinf                            0x080078f5   Thumb Code    12  dretinf.o(x$fpl$dretinf)
    _fp_init                                 0x08007901   Thumb Code    10  fpinit.o(x$fpl$fpinit)
    __fplib_config_fpu_vfp                   0x08007909   Thumb Code     0  fpinit.o(x$fpl$fpinit)
    __fplib_config_pureend_doubles           0x08007909   Thumb Code     0  fpinit.o(x$fpl$fpinit)
    AHBPrescTable                            0x0800790a   Data          16  system_stm32f4xx.o(.constdata)
    __I$use$fp                               0x0800790a   Number         0  usenofp.o(x$fpl$usenofp)
    APBPrescTable                            0x0800791a   Data           8  system_stm32f4xx.o(.constdata)
    asc2_1206                                0x08007922   Data        1140  lcd.o(.constdata)
    asc2_1608                                0x08007d96   Data        1520  lcd.o(.constdata)
    asc2_2412                                0x08008386   Data        3420  lcd.o(.constdata)
    asc2_3216                                0x080090e2   Data        6080  lcd.o(.constdata)
    Motor::set_velocity(int)::string         0x0800a8db   Data           4  main.o(.constdata__ZZN5Motor12set_velocityEiEs)
    Motor::set_velocity(int)::string (instance 2) 0x0800a8df   Data           5  main.o(.constdata__ZZN5Motor12set_velocityEiEs_0)
    Motor::tgt_position(double, int)::string 0x0800a8e4   Data           4  main.o(.constdata__ZZN5Motor12tgt_positionEdiEs)
    Motor::tgt_position(double, int)::string (instance 2) 0x0800a8e8   Data           5  main.o(.constdata__ZZN5Motor12tgt_positionEdiEs_0)
    Motor::init(unsigned char, unsigned char, unsigned char, unsigned char)::string 0x0800a8ed   Data           5  main.o(.constdata__ZZN5Motor4initEhhhhEs)
    Motor::displayStatus(int, int) const::string 0x0800a8f2   Data           7  main.o(.constdata__ZZNK5Motor13displayStatusEiiEs)
    Motor::displayStatus(int, int) const::string (instance 2) 0x0800a8f9   Data           5  main.o(.constdata__ZZNK5Motor13displayStatusEiiEs_0)
    Motor::displayStatus(int, int) const::string (instance 3) 0x0800a8fe   Data           7  main.o(.constdata__ZZNK5Motor13displayStatusEiiEs_1)
    Motor::displayStatus(int, int) const::string (instance 4) 0x0800a905   Data           4  main.o(.constdata__ZZNK5Motor13displayStatusEiiEs_2)
    Motor::displayStatus(int, int) const::string (instance 5) 0x0800a909   Data           5  main.o(.constdata__ZZNK5Motor13displayStatusEiiEs_3)
    Motor::displayStatus(int, int) const::string (instance 6) 0x0800a90e   Data           9  main.o(.constdata__ZZNK5Motor13displayStatusEiiEs_4)
    Motor::displayStatus(int, int) const::string (instance 7) 0x0800a917   Data           9  main.o(.constdata__ZZNK5Motor13displayStatusEiiEs_5)
    Motor::displayStatus(int, int) const::string (instance 8) 0x0800a920   Data           8  main.o(.constdata__ZZNK5Motor13displayStatusEiiEs_6)
    Motor::displayStatus(int, int) const::string (instance 9) 0x0800a928   Data           4  main.o(.constdata__ZZNK5Motor13displayStatusEiiEs_7)
    Region$$Table$$Base                      0x0800ad98   Number         0  anon$$obj.o(Region$$Table)
    Region$$Table$$Limit                     0x0800adb8   Number         0  anon$$obj.o(Region$$Table)
    SystemCoreClock                          0x20000000   Data           4  system_stm32f4xx.o(.data)
    MoveState1Names                          0x2000000c   Data          28  main.o(.data)
    g_rx_buffer                              0x2000002c   Data           1  usart.o(.data)
    g_usart_rx_sta                           0x2000002e   Data           2  usart.o(.data)
    __stdout                                 0x20000030   Data           4  usart.o(.data)
    uwTickFreq                               0x20000034   Data           1  stm32f4xx_hal.o(.data)
    uwTickPrio                               0x20000038   Data           4  stm32f4xx_hal.o(.data)
    uwTick                                   0x2000003c   Data           4  stm32f4xx_hal.o(.data)
    g_back_color                             0x20000040   Data           4  lcd.o(.data)
    g_RS485_rx_cnt                           0x20000045   Data           1  rs485.o(.data)
    sys_cmd_tab                              0x20000048   Data          28  usmart.o(.data)
    usmart_nametab                           0x20000064   Data         128  usmart_config.o(.data)
    usmart_dev                               0x200000e4   Data         244  usmart_config.o(.data)
    motor1                                   0x200001d8   Data          56  main.o(.bss)
    motor2                                   0x20000210   Data          56  main.o(.bss)
    motor3                                   0x20000248   Data          56  main.o(.bss)
    motor4                                   0x20000280   Data          56  main.o(.bss)
    g_usart_rx_buf                           0x200002b8   Data         200  usart.o(.bss)
    g_uart1_handle                           0x20000380   Data          68  usart.o(.bss)
    g_sram_handle                            0x200003c4   Data          80  lcd.o(.bss)
    lcddev                                   0x20000414   Data          14  lcd.o(.bss)
    g_rs458_handler                          0x20000424   Data          68  rs485.o(.bss)
    g_RS485_rx_buf                           0x20000468   Data          64  rs485.o(.bss)
    g_timx_usmart_handle                     0x200004a8   Data          72  usmart_port.o(.bss)
    __libspace_start                         0x200004f0   Data          96  libspace.o(.bss)
    __temporary_stack_top$libspace           0x20000550   Data           0  libspace.o(.bss)



==============================================================================

Memory Map of the image

  Image Entry point : 0x08000189

  Load Region LR_IROM1 (Base: 0x08000000, Size: 0x0000af90, Max: 0x00100000, ABSOLUTE, COMPRESSED[0x0000ae74])

    Execution Region ER_IROM1 (Exec base: 0x08000000, Load base: 0x08000000, Size: 0x0000adb8, Max: 0x00100000, ABSOLUTE)

    Exec Addr    Load Addr    Size         Type   Attr      Idx    E Section Name        Object

    0x08000000   0x08000000   0x00000188   Data   RO            3    RESET               startup_stm32f407xx.o
    0x08000188   0x08000188   0x00000008   Code   RO         4405  * !!!main             c_w.l(__main.o)
    0x08000190   0x08000190   0x00000034   Code   RO         4619    !!!scatter          c_w.l(__scatter.o)
    0x080001c4   0x080001c4   0x0000005a   Code   RO         4617    !!dczerorl2         c_w.l(__dczerorl2.o)
    0x0800021e   0x0800021e   0x00000002   PAD
    0x08000220   0x08000220   0x0000001c   Code   RO         4621    !!handler_zi        c_w.l(__scatter_zi.o)
    0x0800023c   0x0800023c   0x00000000   Code   RO         4400    .ARM.Collect$$_printf_percent$$00000000  c_w.l(_printf_percent.o)
    0x0800023c   0x0800023c   0x00000006   Code   RO         4398    .ARM.Collect$$_printf_percent$$00000009  c_w.l(_printf_d.o)
    0x08000242   0x08000242   0x00000006   Code   RO         4399    .ARM.Collect$$_printf_percent$$0000000A  c_w.l(_printf_u.o)
    0x08000248   0x08000248   0x00000006   Code   RO         4397    .ARM.Collect$$_printf_percent$$0000000C  c_w.l(_printf_x.o)
    0x0800024e   0x0800024e   0x00000006   Code   RO         4395    .ARM.Collect$$_printf_percent$$00000013  c_w.l(_printf_c.o)
    0x08000254   0x08000254   0x00000006   Code   RO         4396    .ARM.Collect$$_printf_percent$$00000014  c_w.l(_printf_s.o)
    0x0800025a   0x0800025a   0x00000004   Code   RO         4450    .ARM.Collect$$_printf_percent$$00000017  c_w.l(_printf_percent_end.o)
    0x0800025e   0x0800025e   0x00000002   Code   RO         4494    .ARM.Collect$$libinit$$00000000  c_w.l(libinit.o)
    0x08000260   0x08000260   0x00000004   Code   RO         4506    .ARM.Collect$$libinit$$00000001  c_w.l(libinit2.o)
    0x08000264   0x08000264   0x00000000   Code   RO         4509    .ARM.Collect$$libinit$$00000004  c_w.l(libinit2.o)
    0x08000264   0x08000264   0x00000000   Code   RO         4512    .ARM.Collect$$libinit$$0000000A  c_w.l(libinit2.o)
    0x08000264   0x08000264   0x00000000   Code   RO         4514    .ARM.Collect$$libinit$$0000000C  c_w.l(libinit2.o)
    0x08000264   0x08000264   0x00000000   Code   RO         4516    .ARM.Collect$$libinit$$0000000E  c_w.l(libinit2.o)
    0x08000264   0x08000264   0x00000000   Code   RO         4519    .ARM.Collect$$libinit$$00000011  c_w.l(libinit2.o)
    0x08000264   0x08000264   0x00000000   Code   RO         4521    .ARM.Collect$$libinit$$00000013  c_w.l(libinit2.o)
    0x08000264   0x08000264   0x00000000   Code   RO         4523    .ARM.Collect$$libinit$$00000015  c_w.l(libinit2.o)
    0x08000264   0x08000264   0x00000000   Code   RO         4525    .ARM.Collect$$libinit$$00000017  c_w.l(libinit2.o)
    0x08000264   0x08000264   0x00000000   Code   RO         4527    .ARM.Collect$$libinit$$00000019  c_w.l(libinit2.o)
    0x08000264   0x08000264   0x00000000   Code   RO         4529    .ARM.Collect$$libinit$$0000001B  c_w.l(libinit2.o)
    0x08000264   0x08000264   0x00000000   Code   RO         4531    .ARM.Collect$$libinit$$0000001D  c_w.l(libinit2.o)
    0x08000264   0x08000264   0x00000000   Code   RO         4533    .ARM.Collect$$libinit$$0000001F  c_w.l(libinit2.o)
    0x08000264   0x08000264   0x00000000   Code   RO         4535    .ARM.Collect$$libinit$$00000021  c_w.l(libinit2.o)
    0x08000264   0x08000264   0x00000000   Code   RO         4537    .ARM.Collect$$libinit$$00000023  c_w.l(libinit2.o)
    0x08000264   0x08000264   0x00000000   Code   RO         4539    .ARM.Collect$$libinit$$00000025  c_w.l(libinit2.o)
    0x08000264   0x08000264   0x00000000   Code   RO         4543    .ARM.Collect$$libinit$$0000002C  c_w.l(libinit2.o)
    0x08000264   0x08000264   0x00000000   Code   RO         4545    .ARM.Collect$$libinit$$0000002E  c_w.l(libinit2.o)
    0x08000264   0x08000264   0x00000000   Code   RO         4547    .ARM.Collect$$libinit$$00000030  c_w.l(libinit2.o)
    0x08000264   0x08000264   0x00000000   Code   RO         4549    .ARM.Collect$$libinit$$00000032  c_w.l(libinit2.o)
    0x08000264   0x08000264   0x00000002   Code   RO         4550    .ARM.Collect$$libinit$$00000033  c_w.l(libinit2.o)
    0x08000266   0x08000266   0x00000002   Code   RO         4574    .ARM.Collect$$libshutdown$$00000000  c_w.l(libshutdown.o)
    0x08000268   0x08000268   0x00000000   Code   RO         4598    .ARM.Collect$$libshutdown$$00000002  c_w.l(libshutdown2.o)
    0x08000268   0x08000268   0x00000000   Code   RO         4600    .ARM.Collect$$libshutdown$$00000004  c_w.l(libshutdown2.o)
    0x08000268   0x08000268   0x00000000   Code   RO         4602    .ARM.Collect$$libshutdown$$00000006  c_w.l(libshutdown2.o)
    0x08000268   0x08000268   0x00000000   Code   RO         4605    .ARM.Collect$$libshutdown$$00000009  c_w.l(libshutdown2.o)
    0x08000268   0x08000268   0x00000000   Code   RO         4608    .ARM.Collect$$libshutdown$$0000000C  c_w.l(libshutdown2.o)
    0x08000268   0x08000268   0x00000000   Code   RO         4610    .ARM.Collect$$libshutdown$$0000000E  c_w.l(libshutdown2.o)
    0x08000268   0x08000268   0x00000000   Code   RO         4613    .ARM.Collect$$libshutdown$$00000011  c_w.l(libshutdown2.o)
    0x08000268   0x08000268   0x00000002   Code   RO         4614    .ARM.Collect$$libshutdown$$00000012  c_w.l(libshutdown2.o)
    0x0800026a   0x0800026a   0x00000000   Code   RO         4433    .ARM.Collect$$rtentry$$00000000  c_w.l(__rtentry.o)
    0x0800026a   0x0800026a   0x00000000   Code   RO         4459    .ARM.Collect$$rtentry$$00000002  c_w.l(__rtentry2.o)
    0x0800026a   0x0800026a   0x00000006   Code   RO         4471    .ARM.Collect$$rtentry$$00000004  c_w.l(__rtentry4.o)
    0x08000270   0x08000270   0x00000000   Code   RO         4461    .ARM.Collect$$rtentry$$00000009  c_w.l(__rtentry2.o)
    0x08000270   0x08000270   0x00000004   Code   RO         4462    .ARM.Collect$$rtentry$$0000000A  c_w.l(__rtentry2.o)
    0x08000274   0x08000274   0x00000000   Code   RO         4464    .ARM.Collect$$rtentry$$0000000C  c_w.l(__rtentry2.o)
    0x08000274   0x08000274   0x00000008   Code   RO         4465    .ARM.Collect$$rtentry$$0000000D  c_w.l(__rtentry2.o)
    0x0800027c   0x0800027c   0x00000002   Code   RO         4498    .ARM.Collect$$rtexit$$00000000  c_w.l(rtexit.o)
    0x0800027e   0x0800027e   0x00000000   Code   RO         4552    .ARM.Collect$$rtexit$$00000002  c_w.l(rtexit2.o)
    0x0800027e   0x0800027e   0x00000004   Code   RO         4553    .ARM.Collect$$rtexit$$00000003  c_w.l(rtexit2.o)
    0x08000282   0x08000282   0x00000006   Code   RO         4554    .ARM.Collect$$rtexit$$00000004  c_w.l(rtexit2.o)
    0x08000288   0x08000288   0x0000004c   Code   RO            4    .text               startup_stm32f407xx.o
    0x080002d4   0x080002d4   0x00000002   Code   RO         4334    .text               c_w.l(use_no_semi_2.o)
    0x080002d6   0x080002d6   0x000000ee   Code   RO         4336    .text               c_w.l(lludivv7m.o)
    0x080003c4   0x080003c4   0x00000018   Code   RO         4342    .text               c_w.l(noretval__2printf.o)
    0x080003dc   0x080003dc   0x00000034   Code   RO         4344    .text               c_w.l(noretval__2snprintf.o)
    0x08000410   0x08000410   0x0000004e   Code   RO         4348    .text               c_w.l(_printf_pad.o)
    0x0800045e   0x0800045e   0x00000052   Code   RO         4350    .text               c_w.l(_printf_str.o)
    0x080004b0   0x080004b0   0x00000078   Code   RO         4352    .text               c_w.l(_printf_dec.o)
    0x08000528   0x08000528   0x00000058   Code   RO         4357    .text               c_w.l(_printf_hex_int.o)
    0x08000580   0x08000580   0x00000188   Code   RO         4392    .text               c_w.l(__printf_flags_ss_wp.o)
    0x08000708   0x08000708   0x00000006   Code   RO         4403    .text               c_w.l(heapauxi.o)
    0x0800070e   0x0800070e   0x00000002   Code   RO         4431    .text               c_w.l(use_no_semi.o)
    0x08000710   0x08000710   0x000000b2   Code   RO         4438    .text               c_w.l(_printf_intcommon.o)
    0x080007c2   0x080007c2   0x00000002   PAD
    0x080007c4   0x080007c4   0x00000030   Code   RO         4440    .text               c_w.l(_printf_char_common.o)
    0x080007f4   0x080007f4   0x0000000a   Code   RO         4442    .text               c_w.l(_sputc.o)
    0x080007fe   0x080007fe   0x00000010   Code   RO         4444    .text               c_w.l(_snputc.o)
    0x0800080e   0x0800080e   0x0000002c   Code   RO         4446    .text               c_w.l(_printf_char.o)
    0x0800083a   0x0800083a   0x00000002   PAD
    0x0800083c   0x0800083c   0x00000024   Code   RO         4448    .text               c_w.l(_printf_char_file.o)
    0x08000860   0x08000860   0x00000008   Code   RO         4477    .text               c_w.l(ferror.o)
    0x08000868   0x08000868   0x0000004a   Code   RO         4481    .text               c_w.l(sys_stackheap_outer.o)
    0x080008b2   0x080008b2   0x00000012   Code   RO         4483    .text               c_w.l(exit.o)
    0x080008c4   0x080008c4   0x00000008   Code   RO         4495    .text               c_w.l(libspace.o)
    0x080008cc   0x080008cc   0x00000002   Code   RO           13    i.BusFault_Handler  stm32f4xx_it.o
    0x080008ce   0x080008ce   0x00000002   Code   RO           14    i.DebugMon_Handler  stm32f4xx_it.o
    0x080008d0   0x080008d0   0x0000005e   Code   RO          331    i.Emm_V5_Pos_Control  emm.o
    0x0800092e   0x0800092e   0x000000d4   Code   RO          332    i.Emm_V5_Read_Sys_Params  emm.o
    0x08000a02   0x08000a02   0x0000003e   Code   RO          337    i.Emm_V5_Vel_Control  emm.o
    0x08000a40   0x08000a40   0x00000040   Code   RO         2615    i.FSMC_NORSRAM_Extended_Timing_Init  stm32f4xx_ll_fsmc.o
    0x08000a80   0x08000a80   0x00000054   Code   RO         2616    i.FSMC_NORSRAM_Init  stm32f4xx_ll_fsmc.o
    0x08000ad4   0x08000ad4   0x0000003e   Code   RO         2617    i.FSMC_NORSRAM_Timing_Init  stm32f4xx_ll_fsmc.o
    0x08000b12   0x08000b12   0x0000008e   Code   RO         1314    i.HAL_DMA_Abort     stm32f4xx_hal_dma.o
    0x08000ba0   0x08000ba0   0x00000024   Code   RO         1315    i.HAL_DMA_Abort_IT  stm32f4xx_hal_dma.o
    0x08000bc4   0x08000bc4   0x00000006   Code   RO          792    i.HAL_Delay         delay.o
    0x08000bca   0x08000bca   0x00000002   PAD
    0x08000bcc   0x08000bcc   0x000001d0   Code   RO         1420    i.HAL_GPIO_Init     stm32f4xx_hal_gpio.o
    0x08000d9c   0x08000d9c   0x0000000e   Code   RO         1422    i.HAL_GPIO_ReadPin  stm32f4xx_hal_gpio.o
    0x08000daa   0x08000daa   0x00000010   Code   RO         1423    i.HAL_GPIO_TogglePin  stm32f4xx_hal_gpio.o
    0x08000dba   0x08000dba   0x0000000e   Code   RO         1424    i.HAL_GPIO_WritePin  stm32f4xx_hal_gpio.o
    0x08000dc8   0x08000dc8   0x0000000c   Code   RO         1002    i.HAL_GetREVID      stm32f4xx_hal.o
    0x08000dd4   0x08000dd4   0x0000000c   Code   RO         1003    i.HAL_GetTick       stm32f4xx_hal.o
    0x08000de0   0x08000de0   0x00000010   Code   RO         1009    i.HAL_IncTick       stm32f4xx_hal.o
    0x08000df0   0x08000df0   0x0000002c   Code   RO         1010    i.HAL_Init          stm32f4xx_hal.o
    0x08000e1c   0x08000e1c   0x00000044   Code   RO         1011    i.HAL_InitTick      stm32f4xx_hal.o
    0x08000e60   0x08000e60   0x00000002   Code   RO         1013    i.HAL_MspInit       stm32f4xx_hal.o
    0x08000e62   0x08000e62   0x0000001a   Code   RO         1181    i.HAL_NVIC_EnableIRQ  stm32f4xx_hal_cortex.o
    0x08000e7c   0x08000e7c   0x00000040   Code   RO         1187    i.HAL_NVIC_SetPriority  stm32f4xx_hal_cortex.o
    0x08000ebc   0x08000ebc   0x00000024   Code   RO         1188    i.HAL_NVIC_SetPriorityGrouping  stm32f4xx_hal_cortex.o
    0x08000ee0   0x08000ee0   0x0000014c   Code   RO         1484    i.HAL_RCC_ClockConfig  stm32f4xx_hal_rcc.o
    0x0800102c   0x0800102c   0x0000000c   Code   RO         1489    i.HAL_RCC_GetHCLKFreq  stm32f4xx_hal_rcc.o
    0x08001038   0x08001038   0x00000020   Code   RO         1491    i.HAL_RCC_GetPCLK1Freq  stm32f4xx_hal_rcc.o
    0x08001058   0x08001058   0x00000020   Code   RO         1492    i.HAL_RCC_GetPCLK2Freq  stm32f4xx_hal_rcc.o
    0x08001078   0x08001078   0x00000068   Code   RO         1493    i.HAL_RCC_GetSysClockFreq  stm32f4xx_hal_rcc.o
    0x080010e0   0x080010e0   0x000003c0   Code   RO         1496    i.HAL_RCC_OscConfig  stm32f4xx_hal_rcc.o
    0x080014a0   0x080014a0   0x00000058   Code   RO         2491    i.HAL_SRAM_Init     stm32f4xx_hal_sram.o
    0x080014f8   0x080014f8   0x00000074   Code   RO         3744    i.HAL_SRAM_MspInit  lcd.o
    0x0800156c   0x0800156c   0x00000028   Code   RO         1192    i.HAL_SYSTICK_Config  stm32f4xx_hal_cortex.o
    0x08001594   0x08001594   0x0000004a   Code   RO         3002    i.HAL_TIM_Base_Init  stm32f4xx_hal_tim.o
    0x080015de   0x080015de   0x00000002   Code   RO         3004    i.HAL_TIM_Base_MspInit  stm32f4xx_hal_tim.o
    0x080015e0   0x080015e0   0x0000008c   Code   RO         3007    i.HAL_TIM_Base_Start_IT  stm32f4xx_hal_tim.o
    0x0800166c   0x0800166c   0x00000002   Code   RO         2090    i.HAL_UARTEx_RxEventCallback  stm32f4xx_hal_uart.o
    0x0800166e   0x0800166e   0x00000002   Code   RO         2104    i.HAL_UART_ErrorCallback  stm32f4xx_hal_uart.o
    0x08001670   0x08001670   0x000001d0   Code   RO         2107    i.HAL_UART_IRQHandler  stm32f4xx_hal_uart.o
    0x08001840   0x08001840   0x00000064   Code   RO         2108    i.HAL_UART_Init     stm32f4xx_hal_uart.o
    0x080018a4   0x080018a4   0x0000008c   Code   RO          912    i.HAL_UART_MspInit  usart.o
    0x08001930   0x08001930   0x000000ca   Code   RO         2111    i.HAL_UART_Receive  stm32f4xx_hal_uart.o
    0x080019fa   0x080019fa   0x0000002e   Code   RO         2113    i.HAL_UART_Receive_IT  stm32f4xx_hal_uart.o
    0x08001a28   0x08001a28   0x00000068   Code   RO          913    i.HAL_UART_RxCpltCallback  usart.o
    0x08001a90   0x08001a90   0x000000be   Code   RO         2116    i.HAL_UART_Transmit  stm32f4xx_hal_uart.o
    0x08001b4e   0x08001b4e   0x00000002   Code   RO         2119    i.HAL_UART_TxCpltCallback  stm32f4xx_hal_uart.o
    0x08001b50   0x08001b50   0x00000002   Code   RO           15    i.HardFault_Handler  stm32f4xx_it.o
    0x08001b52   0x08001b52   0x00000002   Code   RO           16    i.MemManage_Handler  stm32f4xx_it.o
    0x08001b54   0x08001b54   0x00000002   Code   RO           17    i.NMI_Handler       stm32f4xx_it.o
    0x08001b56   0x08001b56   0x00000002   Code   RO           18    i.PendSV_Handler    stm32f4xx_it.o
    0x08001b58   0x08001b58   0x00000002   Code   RO           19    i.SVC_Handler       stm32f4xx_it.o
    0x08001b5a   0x08001b5a   0x00000004   Code   RO           20    i.SysTick_Handler   stm32f4xx_it.o
    0x08001b5e   0x08001b5e   0x00000002   PAD
    0x08001b60   0x08001b60   0x00000010   Code   RO          288    i.SystemInit        system_stm32f4xx.o
    0x08001b70   0x08001b70   0x00000034   Code   RO         4167    i.TIM4_IRQHandler   usmart_port.o
    0x08001ba4   0x08001ba4   0x000000cc   Code   RO         3095    i.TIM_Base_SetConfig  stm32f4xx_hal_tim.o
    0x08001c70   0x08001c70   0x00000010   Code   RO         2121    i.UART_DMAAbortOnError  stm32f4xx_hal_uart.o
    0x08001c80   0x08001c80   0x00000030   Code   RO         2131    i.UART_EndRxTransfer  stm32f4xx_hal_uart.o
    0x08001cb0   0x08001cb0   0x0000001a   Code   RO         2132    i.UART_EndTransmit_IT  stm32f4xx_hal_uart.o
    0x08001cca   0x08001cca   0x000000b2   Code   RO         2134    i.UART_Receive_IT   stm32f4xx_hal_uart.o
    0x08001d7c   0x08001d7c   0x00000114   Code   RO         2135    i.UART_SetConfig    stm32f4xx_hal_uart.o
    0x08001e90   0x08001e90   0x00000036   Code   RO         2137    i.UART_Start_Receive_IT  stm32f4xx_hal_uart.o
    0x08001ec6   0x08001ec6   0x0000005e   Code   RO         2138    i.UART_Transmit_IT  stm32f4xx_hal_uart.o
    0x08001f24   0x08001f24   0x00000064   Code   RO         2139    i.UART_WaitOnFlagUntilTimeout  stm32f4xx_hal_uart.o
    0x08001f88   0x08001f88   0x0000000c   Code   RO          914    i.USART1_IRQHandler  usart.o
    0x08001f94   0x08001f94   0x0000003c   Code   RO         4040    i.USART3_IRQHandler  rs485.o
    0x08001fd0   0x08001fd0   0x00000002   Code   RO           21    i.UsageFault_Handler  stm32f4xx_it.o
    0x08001fd2   0x08001fd2   0x00000002   PAD
    0x08001fd4   0x08001fd4   0x0000003c   Code   RO          445    i._Z10move_set_2v   main.o
    0x08002010   0x08002010   0x00000038   Code   RO          446    i._Z14displayMessagePKc  main.o
    0x08002048   0x08002048   0x0000020c   Code   RO          447    i._Z18process_move_set_1v  main.o
    0x08002254   0x08002254   0x00000158   Code   RO          448    i._Z23Translate_received_dataPh  main.o
    0x080023ac   0x080023ac   0x000000fc   Code   RO          524    i._ZN5Motor12tgt_positionEdi  main.o
    0x080024a8   0x080024a8   0x00000050   Code   RO          518    i._ZN5Motor15constant_rorateEi  main.o
    0x080024f8   0x080024f8   0x00000038   Code   RO          530    i._ZN5Motor4initEhhhh  main.o
    0x08002530   0x08002530   0x0000014c   Code   RO          512    i._ZNK5Motor13displayStatusEii  main.o
    0x0800267c   0x0800267c   0x00000020   Code   RO         1194    i.__NVIC_SetPriority  stm32f4xx_hal_cortex.o
    0x0800269c   0x0800269c   0x0000000e   Code   RO         4385    i._is_digit         c_w.l(__printf_wp.o)
    0x080026aa   0x080026aa   0x00000002   Code   RO          916    i._sys_exit         usart.o
    0x080026ac   0x080026ac   0x0000000c   Code   RO          793    i.delay_init        delay.o
    0x080026b8   0x080026b8   0x0000000a   Code   RO          794    i.delay_ms          delay.o
    0x080026c2   0x080026c2   0x00000002   PAD
    0x080026c4   0x080026c4   0x00000038   Code   RO          795    i.delay_us          delay.o
    0x080026fc   0x080026fc   0x00000014   Code   RO          918    i.fputc             usart.o
    0x08002710   0x08002710   0x00000080   Code   RO         4006    i.key_init          key.o
    0x08002790   0x08002790   0x0000009c   Code   RO         4007    i.key_scan          key.o
    0x0800282c   0x0800282c   0x00000030   Code   RO         3745    i.lcd_clear         lcd.o
    0x0800285c   0x0800285c   0x000000f4   Code   RO         3747    i.lcd_display_dir   lcd.o
    0x08002950   0x08002950   0x000000c8   Code   RO         3750    i.lcd_draw_circle   lcd.o
    0x08002a18   0x08002a18   0x0000009a   Code   RO         3752    i.lcd_draw_line     lcd.o
    0x08002ab2   0x08002ab2   0x00000002   PAD
    0x08002ab4   0x08002ab4   0x00000018   Code   RO         3753    i.lcd_draw_point    lcd.o
    0x08002acc   0x08002acc   0x0000004a   Code   RO         3754    i.lcd_draw_rectangle  lcd.o
    0x08002b16   0x08002b16   0x0000022e   Code   RO         3755    i.lcd_ex_ili9341_reginit  lcd.o
    0x08002d44   0x08002d44   0x00000342   Code   RO         3756    i.lcd_ex_ili9806_reginit  lcd.o
    0x08003086   0x08003086   0x00000ef4   Code   RO         3757    i.lcd_ex_nt35310_reginit  lcd.o
    0x08003f7a   0x08003f7a   0x00000efa   Code   RO         3758    i.lcd_ex_nt35510_reginit  lcd.o
    0x08004e74   0x08004e74   0x00000170   Code   RO         3759    i.lcd_ex_ssd1963_reginit  lcd.o
    0x08004fe4   0x08004fe4   0x000001aa   Code   RO         3760    i.lcd_ex_st7789_reginit  lcd.o
    0x0800518e   0x0800518e   0x000001c8   Code   RO         3761    i.lcd_ex_st7796_reginit  lcd.o
    0x08005356   0x08005356   0x00000002   PAD
    0x08005358   0x08005358   0x00000044   Code   RO         3762    i.lcd_fill          lcd.o
    0x0800539c   0x0800539c   0x000003d0   Code   RO         3764    i.lcd_init          lcd.o
    0x0800576c   0x0800576c   0x00000008   Code   RO         3765    i.lcd_opt_delay     lcd.o
    0x08005774   0x08005774   0x00000010   Code   RO         3766    i.lcd_pow           lcd.o
    0x08005784   0x08005784   0x00000018   Code   RO         3767    i.lcd_rd_data       lcd.o
    0x0800579c   0x0800579c   0x00000078   Code   RO         3768    i.lcd_read_point    lcd.o
    0x08005814   0x08005814   0x000001b4   Code   RO         3769    i.lcd_scan_dir      lcd.o
    0x080059c8   0x080059c8   0x00000104   Code   RO         3770    i.lcd_set_cursor    lcd.o
    0x08005acc   0x08005acc   0x000000ec   Code   RO         3772    i.lcd_show_char     lcd.o
    0x08005bb8   0x08005bb8   0x0000007c   Code   RO         3773    i.lcd_show_num      lcd.o
    0x08005c34   0x08005c34   0x00000054   Code   RO         3774    i.lcd_show_string   lcd.o
    0x08005c88   0x08005c88   0x000000a2   Code   RO         3775    i.lcd_show_xnum     lcd.o
    0x08005d2a   0x08005d2a   0x00000002   PAD
    0x08005d2c   0x08005d2c   0x00000050   Code   RO         3776    i.lcd_ssd_backlight_set  lcd.o
    0x08005d7c   0x08005d7c   0x00000018   Code   RO         3777    i.lcd_wr_data       lcd.o
    0x08005d94   0x08005d94   0x00000018   Code   RO         3778    i.lcd_wr_regno      lcd.o
    0x08005dac   0x08005dac   0x00000014   Code   RO         3779    i.lcd_write_ram_prepare  lcd.o
    0x08005dc0   0x08005dc0   0x00000010   Code   RO         3780    i.lcd_write_reg     lcd.o
    0x08005dd0   0x08005dd0   0x00000068   Code   RO         3717    i.led_init          led.o
    0x08005e38   0x08005e38   0x00000294   Code   RO          449    i.main              main.o
    0x080060cc   0x080060cc   0x00000004   Code   RO         4089    i.read_addr         usmart.o
    0x080060d0   0x080060d0   0x000000b8   Code   RO         4041    i.rs485_init        rs485.o
    0x08006188   0x08006188   0x00000050   Code   RO         4042    i.rs485_receive_data  rs485.o
    0x080061d8   0x080061d8   0x00000020   Code   RO         4043    i.rs485_send_data   rs485.o
    0x080061f8   0x080061f8   0x00000098   Code   RO          845    i.sys_stm32_clock_init  sys.o
    0x08006290   0x08006290   0x00000038   Code   RO          919    i.usart_init        usart.o
    0x080062c8   0x080062c8   0x00000094   Code   RO         4090    i.usmart_cmd_rec    usmart.o
    0x0800635c   0x0800635c   0x00000278   Code   RO         4091    i.usmart_exe        usmart.o
    0x080065d4   0x080065d4   0x000000a4   Code   RO         4251    i.usmart_get_aparm  usmart_str.o
    0x08006678   0x08006678   0x0000002e   Code   RO         4252    i.usmart_get_cmdname  usmart_str.o
    0x080066a6   0x080066a6   0x00000002   PAD
    0x080066a8   0x080066a8   0x00000174   Code   RO         4253    i.usmart_get_fname  usmart_str.o
    0x0800681c   0x0800681c   0x000000e0   Code   RO         4254    i.usmart_get_fparam  usmart_str.o
    0x080068fc   0x080068fc   0x00000020   Code   RO         4168    i.usmart_get_input_string  usmart_port.o
    0x0800691c   0x0800691c   0x00000024   Code   RO         4255    i.usmart_get_parmpos  usmart_str.o
    0x08006940   0x08006940   0x00000028   Code   RO         4092    i.usmart_init       usmart.o
    0x08006968   0x08006968   0x00000010   Code   RO         4256    i.usmart_pow        usmart_str.o
    0x08006978   0x08006978   0x000000a8   Code   RO         4093    i.usmart_scan       usmart.o
    0x08006a20   0x08006a20   0x00000014   Code   RO         4257    i.usmart_search_nextc  usmart_str.o
    0x08006a34   0x08006a34   0x000000dc   Code   RO         4258    i.usmart_str2num    usmart_str.o
    0x08006b10   0x08006b10   0x0000001a   Code   RO         4259    i.usmart_strcmp     usmart_str.o
    0x08006b2a   0x08006b2a   0x00000012   Code   RO         4260    i.usmart_strcopy    usmart_str.o
    0x08006b3c   0x08006b3c   0x00000012   Code   RO         4261    i.usmart_strlen     usmart_str.o
    0x08006b4e   0x08006b4e   0x00000002   PAD
    0x08006b50   0x08006b50   0x000006a0   Code   RO         4094    i.usmart_sys_cmd_exe  usmart.o
    0x080071f0   0x080071f0   0x00000030   Code   RO         4169    i.usmart_timx_get_time  usmart_port.o
    0x08007220   0x08007220   0x00000050   Code   RO         4170    i.usmart_timx_init  usmart_port.o
    0x08007270   0x08007270   0x00000028   Code   RO         4171    i.usmart_timx_reset_time  usmart_port.o
    0x08007298   0x08007298   0x00000004   Code   RO         4095    i.write_addr        usmart.o
    0x0800729c   0x0800729c   0x00000018   Code   RO         4407    x$fpl$basic         fz_wm.l(basic.o)
    0x080072b4   0x080072b4   0x00000018   Code   RO         4451    x$fpl$dcmpinf       fz_wm.l(dcmpi.o)
    0x080072cc   0x080072cc   0x000002b0   Code   RO         4410    x$fpl$ddiv          fz_wm.l(ddiv.o)
    0x0800757c   0x0800757c   0x0000005e   Code   RO         4413    x$fpl$dfix          fz_wm.l(dfix.o)
    0x080075da   0x080075da   0x00000002   PAD
    0x080075dc   0x080075dc   0x0000005a   Code   RO         4417    x$fpl$dfixu         fz_wm.l(dfixu.o)
    0x08007636   0x08007636   0x0000002e   Code   RO         4422    x$fpl$dflt          fz_wm.l(dflt_clz.o)
    0x08007664   0x08007664   0x00000026   Code   RO         4421    x$fpl$dfltu         fz_wm.l(dflt_clz.o)
    0x0800768a   0x0800768a   0x00000002   PAD
    0x0800768c   0x0800768c   0x00000078   Code   RO         4427    x$fpl$dleqf         fz_wm.l(dleqf.o)
    0x08007704   0x08007704   0x00000154   Code   RO         4429    x$fpl$dmul          fz_wm.l(dmul.o)
    0x08007858   0x08007858   0x0000009c   Code   RO         4453    x$fpl$dnaninf       fz_wm.l(dnaninf.o)
    0x080078f4   0x080078f4   0x0000000c   Code   RO         4455    x$fpl$dretinf       fz_wm.l(dretinf.o)
    0x08007900   0x08007900   0x0000000a   Code   RO         4564    x$fpl$fpinit        fz_wm.l(fpinit.o)
    0x0800790a   0x0800790a   0x00000000   Code   RO         4457    x$fpl$usenofp       fz_wm.l(usenofp.o)
    0x0800790a   0x0800790a   0x00000010   Data   RO          289    .constdata          system_stm32f4xx.o
    0x0800791a   0x0800791a   0x00000008   Data   RO          290    .constdata          system_stm32f4xx.o
    0x08007922   0x08007922   0x00002f80   Data   RO         3782    .constdata          lcd.o
    0x0800a8a2   0x0800a8a2   0x00000028   Data   RO         4358    .constdata          c_w.l(_printf_hex_int.o)
    0x0800a8ca   0x0800a8ca   0x00000011   Data   RO         4393    .constdata          c_w.l(__printf_flags_ss_wp.o)
    0x0800a8db   0x0800a8db   0x00000004   Data   RO          501    .constdata__ZZN5Motor12set_velocityEiEs  main.o
    0x0800a8df   0x0800a8df   0x00000005   Data   RO          502    .constdata__ZZN5Motor12set_velocityEiEs_0  main.o
    0x0800a8e4   0x0800a8e4   0x00000004   Data   RO          499    .constdata__ZZN5Motor12tgt_positionEdiEs  main.o
    0x0800a8e8   0x0800a8e8   0x00000005   Data   RO          500    .constdata__ZZN5Motor12tgt_positionEdiEs_0  main.o
    0x0800a8ed   0x0800a8ed   0x00000005   Data   RO          498    .constdata__ZZN5Motor4initEhhhhEs  main.o
    0x0800a8f2   0x0800a8f2   0x00000007   Data   RO          503    .constdata__ZZNK5Motor13displayStatusEiiEs  main.o
    0x0800a8f9   0x0800a8f9   0x00000005   Data   RO          504    .constdata__ZZNK5Motor13displayStatusEiiEs_0  main.o
    0x0800a8fe   0x0800a8fe   0x00000007   Data   RO          505    .constdata__ZZNK5Motor13displayStatusEiiEs_1  main.o
    0x0800a905   0x0800a905   0x00000004   Data   RO          506    .constdata__ZZNK5Motor13displayStatusEiiEs_2  main.o
    0x0800a909   0x0800a909   0x00000005   Data   RO          507    .constdata__ZZNK5Motor13displayStatusEiiEs_3  main.o
    0x0800a90e   0x0800a90e   0x00000009   Data   RO          508    .constdata__ZZNK5Motor13displayStatusEiiEs_4  main.o
    0x0800a917   0x0800a917   0x00000009   Data   RO          509    .constdata__ZZNK5Motor13displayStatusEiiEs_5  main.o
    0x0800a920   0x0800a920   0x00000008   Data   RO          510    .constdata__ZZNK5Motor13displayStatusEiiEs_6  main.o
    0x0800a928   0x0800a928   0x00000004   Data   RO          511    .constdata__ZZNK5Motor13displayStatusEiiEs_7  main.o
    0x0800a92c   0x0800a92c   0x00000035   Data   RO          456    .conststring        main.o
    0x0800a961   0x0800a961   0x00000003   PAD
    0x0800a964   0x0800a964   0x00000028   Data   RO         4096    .conststring        usmart.o
    0x0800a98c   0x0800a98c   0x0000040c   Data   RO         4218    .conststring        usmart_config.o
    0x0800ad98   0x0800ad98   0x00000020   Data   RO         4615    Region$$Table       anon$$obj.o


    Execution Region RW_IRAM1 (Exec base: 0x20000000, Load base: 0x0800adb8, Size: 0x00000950, Max: 0x00020000, ABSOLUTE, COMPRESSED[0x000000bc])

    Exec Addr    Load Addr    Size         Type   Attr      Idx    E Section Name        Object

    0x20000000   COMPRESSED   0x00000004   Data   RW          291    .data               system_stm32f4xx.o
    0x20000004   COMPRESSED   0x00000024   Data   RW          457    .data               main.o
    0x20000028   COMPRESSED   0x00000004   Data   RW          796    .data               delay.o
    0x2000002c   COMPRESSED   0x00000004   Data   RW          921    .data               usart.o
    0x20000030   COMPRESSED   0x00000004   Data   RW          922    .data               usart.o
    0x20000034   COMPRESSED   0x0000000c   Data   RW         1017    .data               stm32f4xx_hal.o
    0x20000040   COMPRESSED   0x00000004   Data   RW         3784    .data               lcd.o
    0x20000044   COMPRESSED   0x00000001   Data   RW         4008    .data               key.o
    0x20000045   COMPRESSED   0x00000001   Data   RW         4045    .data               rs485.o
    0x20000046   COMPRESSED   0x00000002   PAD
    0x20000048   COMPRESSED   0x0000001c   Data   RW         4097    .data               usmart.o
    0x20000064   COMPRESSED   0x00000080   Data   RW         4219    .data               usmart_config.o
    0x200000e4   COMPRESSED   0x000000f4   Data   RW         4220    .data               usmart_config.o
    0x200001d8        -       0x000000e0   Zero   RW          455    .bss                main.o
    0x200002b8        -       0x0000010c   Zero   RW          920    .bss                usart.o
    0x200003c4        -       0x0000005e   Zero   RW         3781    .bss                lcd.o
    0x20000422   COMPRESSED   0x00000002   PAD
    0x20000424        -       0x00000084   Zero   RW         4044    .bss                rs485.o
    0x200004a8        -       0x00000048   Zero   RW         4172    .bss                usmart_port.o
    0x200004f0        -       0x00000060   Zero   RW         4496    .bss                c_w.l(libspace.o)
    0x20000550        -       0x00000000   Zero   RW            2    HEAP                startup_stm32f407xx.o
    0x20000550        -       0x00000400   Zero   RW            1    STACK               startup_stm32f407xx.o


==============================================================================

Image component sizes


      Code (inc. data)   RO Data    RW Data    ZI Data      Debug   Object Name

        84         12          0          4          0       2455   delay.o
       368         18          0          0          0       3099   emm.o
       284         18          0          1          0       1758   key.o
     13842        168      12160          4         94      32397   lcd.o
       104         10          0          0          0        963   led.o
      2364        402        134         36        224      15168   main.o
       356         40          0          1        132       3428   rs485.o
        76         28        392          0       1024       1004   startup_stm32f407xx.o
       154         28          0         12          0      10026   stm32f4xx_hal.o
       198         14          0          0          0      34239   stm32f4xx_hal_cortex.o
       178          0          0          0          0       2055   stm32f4xx_hal_dma.o
       508         46          0          0          0       3768   stm32f4xx_hal_gpio.o
      1472         76          0          0          0       6512   stm32f4xx_hal_rcc.o
        88          0          0          0          0       1276   stm32f4xx_hal_sram.o
       420         74          0          0          0       3452   stm32f4xx_hal_tim.o
      1800         16          0          0          0      13715   stm32f4xx_hal_uart.o
        20          0          0          0          0     705894   stm32f4xx_it.o
       210          8          0          0          0       2903   stm32f4xx_ll_fsmc.o
       152         12          0          0          0       1355   sys.o
        16          4         24          4          0       1411   system_stm32f4xx.o
       334         48          0          8        268       5809   usart.o
      2692       1306         40         28          0       6598   usmart.o
         0          0       1036        372          0       1608   usmart_config.o
       252         44          0          0         72       3650   usmart_port.o
      1160         18          0          0          0      10009   usmart_str.o

    ----------------------------------------------------------------------
     27150       2390      13821        472       1816     874552   Object Totals
         0          0         32          0          0          0   (incl. Generated)
        18          0          3          2          2          0   (incl. Padding)

    ----------------------------------------------------------------------

      Code (inc. data)   RO Data    RW Data    ZI Data      Debug   Library Member Name

        90          0          0          0          0          0   __dczerorl2.o
         8          0          0          0          0         68   __main.o
       392          4         17          0          0         92   __printf_flags_ss_wp.o
        14          0          0          0          0         68   __printf_wp.o
         0          0          0          0          0          0   __rtentry.o
        12          0          0          0          0          0   __rtentry2.o
         6          0          0          0          0          0   __rtentry4.o
        52          8          0          0          0          0   __scatter.o
        28          0          0          0          0          0   __scatter_zi.o
         6          0          0          0          0          0   _printf_c.o
        44          0          0          0          0        108   _printf_char.o
        48          6          0          0          0         96   _printf_char_common.o
        36          4          0          0          0         80   _printf_char_file.o
         6          0          0          0          0          0   _printf_d.o
       120         16          0          0          0         92   _printf_dec.o
        88          4         40          0          0         88   _printf_hex_int.o
       178          0          0          0          0         88   _printf_intcommon.o
        78          0          0          0          0        108   _printf_pad.o
         0          0          0          0          0          0   _printf_percent.o
         4          0          0          0          0          0   _printf_percent_end.o
         6          0          0          0          0          0   _printf_s.o
        82          0          0          0          0         80   _printf_str.o
         6          0          0          0          0          0   _printf_u.o
         6          0          0          0          0          0   _printf_x.o
        16          0          0          0          0         68   _snputc.o
        10          0          0          0          0         68   _sputc.o
        18          0          0          0          0         80   exit.o
         8          0          0          0          0         68   ferror.o
         6          0          0          0          0        152   heapauxi.o
         2          0          0          0          0          0   libinit.o
         6          0          0          0          0          0   libinit2.o
         2          0          0          0          0          0   libshutdown.o
         2          0          0          0          0          0   libshutdown2.o
         8          4          0          0         96         68   libspace.o
       238          0          0          0          0        100   lludivv7m.o
        24          4          0          0          0         84   noretval__2printf.o
        52          4          0          0          0         84   noretval__2snprintf.o
         2          0          0          0          0          0   rtexit.o
        10          0          0          0          0          0   rtexit2.o
        74          0          0          0          0         80   sys_stackheap_outer.o
         2          0          0          0          0         68   use_no_semi.o
         2          0          0          0          0         68   use_no_semi_2.o
        24          0          0          0          0        164   basic.o
        24          0          0          0          0        116   dcmpi.o
       688        140          0          0          0        256   ddiv.o
        94          4          0          0          0        140   dfix.o
        90          4          0          0          0        140   dfixu.o
        84          0          0          0          0        232   dflt_clz.o
       120          4          0          0          0        140   dleqf.o
       340         12          0          0          0        152   dmul.o
       156          4          0          0          0        140   dnaninf.o
        12          0          0          0          0        116   dretinf.o
        10          0          0          0          0        116   fpinit.o
         0          0          0          0          0          0   usenofp.o

    ----------------------------------------------------------------------
      3444        222         57          0         96       3668   Library Totals
        10          0          0          0          0          0   (incl. Padding)

    ----------------------------------------------------------------------

      Code (inc. data)   RO Data    RW Data    ZI Data      Debug   Library Name

      1792         54         57          0         96       1956   c_w.l
      1642        168          0          0          0       1712   fz_wm.l

    ----------------------------------------------------------------------
      3444        222         57          0         96       3668   Library Totals

    ----------------------------------------------------------------------

==============================================================================


      Code (inc. data)   RO Data    RW Data    ZI Data      Debug   

     30594       2612      13878        472       1912     862732   Grand Totals
     30594       2612      13878        188       1912     862732   ELF Image Totals (compressed)
     30594       2612      13878        188          0          0   ROM Totals

==============================================================================

    Total RO  Size (Code + RO Data)                44472 (  43.43kB)
    Total RW  Size (RW Data + ZI Data)              2384 (   2.33kB)
    Total ROM Size (Code + RO Data + RW Data)      44660 (  43.61kB)

==============================================================================

